Archive member included because of file (symbol)

C:/Freescale/CW_MCU_v10.6/MCU/ARM_GCC_Support/ewl/lib/armv6-m\libc.a(sprintf.o)
                              ./Sources/main.o (sprintf)
C:/Freescale/CW_MCU_v10.6/MCU/ARM_GCC_Support/ewl/lib/armv6-m\libc.a(vsnprintf.o)
                              C:/Freescale/CW_MCU_v10.6/MCU/ARM_GCC_Support/ewl/lib/armv6-m\libc.a(sprintf.o) (vsnprintf)
C:/Freescale/CW_MCU_v10.6/MCU/ARM_GCC_Support/ewl/lib/armv6-m\libc.a(alloc.o)
                              ./Sources/main.o (malloc)
C:/Freescale/CW_MCU_v10.6/MCU/ARM_GCC_Support/ewl/lib/armv6-m\libc.a(exit.o)
                              ./Project_Settings/Startup_Code/__arm_start.o (exit)
C:/Freescale/CW_MCU_v10.6/MCU/ARM_GCC_Support/ewl/lib/armv6-m\libc.a(memcpy.o)
                              C:/Freescale/CW_MCU_v10.6/MCU/ARM_GCC_Support/ewl/lib/armv6-m\libc.a(vsnprintf.o) (memcpy)
C:/Freescale/CW_MCU_v10.6/MCU/ARM_GCC_Support/ewl/lib/armv6-m\libc.a(memset.o)
                              ./Project_Settings/Startup_Code/__arm_start.o (memset)
C:/Freescale/CW_MCU_v10.6/MCU/ARM_GCC_Support/ewl/lib/armv6-m\libc.a(strchr.o)
                              ./Generated_Code/UTIL1.o (strchr)
C:/Freescale/CW_MCU_v10.6/MCU/ARM_GCC_Support/ewl/lib/armv6-m\libc.a(strcmp.o)
                              ./Generated_Code/EE241.o (strcmp)
C:/Freescale/CW_MCU_v10.6/MCU/ARM_GCC_Support/ewl/lib/armv6-m\libc.a(strlen.o)
                              ./Generated_Code/UTIL1.o (strlen)
C:/Freescale/CW_MCU_v10.6/MCU/ARM_GCC_Support/ewl/lib/armv6-m\libc.a(strncmp.o)
                              ./Generated_Code/UTIL1.o (strncmp)
C:/Freescale/CW_MCU_v10.6/MCU/ARM_GCC_Support/ewl/lib/armv6-m\libc.a(printformat_.o)
                              (__pformatter_)
C:/Freescale/CW_MCU_v10.6/MCU/ARM_GCC_Support/ewl/lib/armv6-m\libc.a(scanformat_.o)
                              (__sformatter)
C:/Freescale/CW_MCU_v10.6/MCU/ARM_GCC_Support/ewl/lib/armv6-m\libc.a(ctype_aeabi.o)
                              C:/Freescale/CW_MCU_v10.6/MCU/ARM_GCC_Support/ewl/lib/armv6-m\libc.a(scanformat_.o) (isspace)
C:/Freescale/CW_MCU_v10.6/MCU/ARM_GCC_Support/ewl/lib/armv6-m\libc.a(__strtoul.o)
                              C:/Freescale/CW_MCU_v10.6/MCU/ARM_GCC_Support/ewl/lib/armv6-m\libc.a(scanformat_.o) (__strtoul)
C:/Freescale/CW_MCU_v10.6/MCU/ARM_GCC_Support/ewl/lib/armv6-m\libc.a(__filll_mem.o)
                              C:/Freescale/CW_MCU_v10.6/MCU/ARM_GCC_Support/ewl/lib/armv6-m\libc.a(memset.o) (__fill_mem)
C:/Freescale/CW_MCU_v10.6/MCU/ARM_GCC_Support/ewl/lib/armv6-m\libc.a(memchr.o)
                              C:/Freescale/CW_MCU_v10.6/MCU/ARM_GCC_Support/ewl/lib/armv6-m\libc.a(printformat_.o) (memchr)
c:/freescale/cw_mcu_v10.6/cross_tools/arm-none-eabi-gcc-4_7_3/bin/../lib/gcc/arm-none-eabi/4.7.3/armv6-m\libgcc.a(_thumb1_case_sqi.o)
                              C:/Freescale/CW_MCU_v10.6/MCU/ARM_GCC_Support/ewl/lib/armv6-m\libc.a(__strtoul.o) (__gnu_thumb1_case_sqi)
c:/freescale/cw_mcu_v10.6/cross_tools/arm-none-eabi-gcc-4_7_3/bin/../lib/gcc/arm-none-eabi/4.7.3/armv6-m\libgcc.a(_thumb1_case_uqi.o)
                              C:/Freescale/CW_MCU_v10.6/MCU/ARM_GCC_Support/ewl/lib/armv6-m\libc.a(scanformat_.o) (__gnu_thumb1_case_uqi)
c:/freescale/cw_mcu_v10.6/cross_tools/arm-none-eabi-gcc-4_7_3/bin/../lib/gcc/arm-none-eabi/4.7.3/armv6-m\libgcc.a(_udivsi3.o)
                              ./Generated_Code/UTIL1.o (__aeabi_uidiv)
c:/freescale/cw_mcu_v10.6/cross_tools/arm-none-eabi-gcc-4_7_3/bin/../lib/gcc/arm-none-eabi/4.7.3/armv6-m\libgcc.a(_divsi3.o)
                              ./Generated_Code/UTIL1.o (__aeabi_idiv)
c:/freescale/cw_mcu_v10.6/cross_tools/arm-none-eabi-gcc-4_7_3/bin/../lib/gcc/arm-none-eabi/4.7.3/armv6-m\libgcc.a(_dvmd_tls.o)
                              c:/freescale/cw_mcu_v10.6/cross_tools/arm-none-eabi-gcc-4_7_3/bin/../lib/gcc/arm-none-eabi/4.7.3/armv6-m\libgcc.a(_udivsi3.o) (__aeabi_idiv0)
c:/freescale/cw_mcu_v10.6/cross_tools/arm-none-eabi-gcc-4_7_3/bin/../lib/gcc/arm-none-eabi/4.7.3/armv6-m\libgcc.a(_arm_cmpdf2.o)
                              ./Sources/Events.o (__aeabi_dcmpgt)
c:/freescale/cw_mcu_v10.6/cross_tools/arm-none-eabi-gcc-4_7_3/bin/../lib/gcc/arm-none-eabi/4.7.3/armv6-m\libgcc.a(_arm_cmpsf2.o)
                              ./Sources/main.o (__aeabi_fcmplt)
c:/freescale/cw_mcu_v10.6/cross_tools/arm-none-eabi-gcc-4_7_3/bin/../lib/gcc/arm-none-eabi/4.7.3/armv6-m\libgcc.a(addsf3.o)
                              ./Sources/main.o (__aeabi_fadd)
c:/freescale/cw_mcu_v10.6/cross_tools/arm-none-eabi-gcc-4_7_3/bin/../lib/gcc/arm-none-eabi/4.7.3/armv6-m\libgcc.a(divsf3.o)
                              ./Sources/main.o (__aeabi_fdiv)
c:/freescale/cw_mcu_v10.6/cross_tools/arm-none-eabi-gcc-4_7_3/bin/../lib/gcc/arm-none-eabi/4.7.3/armv6-m\libgcc.a(eqsf2.o)
[...]
Memory Configuration

Name             Origin             Length             Attributes
m_interrupts     0x00000000         0x000000c0         xr
m_text           0x00000410         0x0001fbf0         xr
m_data           0x1ffff000         0x00004000         rw
m_cfmprotrom     0x00000400         0x00000010         xr
*default*        0x00000000         0xffffffff

Linker script and memory map

LOAD ./Generated_Code/timer.o
LOAD ./Generated_Code/WAIT1.o
LOAD ./Generated_Code/Vectors.o
LOAD ./Generated_Code/UTIL1.o
LOAD ./Generated_Code/TimerIntLdd1.o
LOAD ./Generated_Code/TU1.o
LOAD ./Generated_Code/RS.o
LOAD ./Generated_Code/PE_LDD.o
LOAD ./Generated_Code/LED.o
LOAD ./Generated_Code/L4.o
LOAD ./Generated_Code/L3.o
LOAD ./Generated_Code/L2.o
LOAD ./Generated_Code/L1.o
LOAD ./Generated_Code/GI2C1.o
LOAD ./Generated_Code/ExtIntLdd1.o
LOAD ./Generated_Code/Enable.o
LOAD ./Generated_Code/EInt1.o
LOAD ./Generated_Code/EE241.o
LOAD ./Generated_Code/DataCmd.o
LOAD ./Generated_Code/DacLdd1.o
LOAD ./Generated_Code/Cpu.o
LOAD ./Generated_Code/ConversorDA.o
LOAD ./Generated_Code/Conversor.o
LOAD ./Generated_Code/CS1.o
LOAD ./Generated_Code/CLS1.o
LOAD ./Generated_Code/CI2C1.o
LOAD ./Generated_Code/C3.o
LOAD ./Generated_Code/C2.o
LOAD ./Generated_Code/C1.o
LOAD ./Generated_Code/Button.o
LOAD ./Generated_Code/BitsIoLdd1.o
LOAD ./Generated_Code/BitIoLdd9.o
LOAD ./Generated_Code/BitIoLdd8.o
LOAD ./Generated_Code/BitIoLdd7.o
LOAD ./Generated_Code/BitIoLdd6.o
LOAD ./Generated_Code/BitIoLdd5.o
LOAD ./Generated_Code/BitIoLdd4.o
LOAD ./Generated_Code/BitIoLdd3.o
LOAD ./Generated_Code/BitIoLdd2.o
LOAD ./Generated_Code/BitIoLdd11.o
LOAD ./Generated_Code/BitIoLdd10.o
LOAD ./Generated_Code/BitIoLdd1.o
LOAD ./Generated_Code/AdcLdd1.o
LOAD ./Project_Settings/Startup_Code/__arm_start.o
LOAD ./Project_Settings/Startup_Code/__arm_end.o
LOAD ./Sources/sa_mtb.o
LOAD ./Sources/main.o
LOAD ./Sources/Events.o
                0x00002790                __pformatter = __pformatter_
                [0x00002bb8]                __sformatter = __sformatter
START GROUP
LOAD C:/Freescale/CW_MCU_v10.6/MCU/ARM_GCC_Support/ewl/lib/armv6-m\libc.a
LOAD C:/Freescale/CW_MCU_v10.6/MCU/ARM_GCC_Support/ewl/lib/armv6-m\libm.a
LOAD c:/freescale/cw_mcu_v10.6/cross_tools/arm-none-eabi-gcc-4_7_3/bin/../lib/gcc/arm-none-eabi/4.7.3/armv6-m\libgcc.a
LOAD C:/Freescale/CW_MCU_v10.6/MCU/ARM_GCC_Support/ewl/lib/armv6-m\librt.a
LOAD C:/Freescale/CW_MCU_v10.6/MCU/ARM_GCC_Support/ewl/lib/armv6-m\libuart.a
END GROUP
                0x20003000                _estack = 0x20003000
                0x20003000                __SP_INIT = _estack
                0x00000000                __heap_size = 0x0
                0x00000400                __stack_size = 0x400

.interrupts     0x00000000       0xc0
                0x00000000                __vector_table = .
                0x00000000                . = ALIGN (0x4)
 *(.vectortable)
 .vectortable   0x00000000       0xc0 ./Generated_Code/Vectors.o
                0x00000000                __vect_table
                0x000000c0                . = ALIGN (0x4)

.cfmprotect     0x00000400       0x10
                0x00000400                . = ALIGN (0x4)
 *(.cfmconfig)
 .cfmconfig     0x00000400       0x10 ./Generated_Code/Cpu.o
                0x00000400                _cfm
                0x00000410                . = ALIGN (0x4)

.text           0x00000410     0x33e0
                0x00000410                . = ALIGN (0x4)
 *(.text)
 .text          0x00000410       0x14 c:/freescale/cw_mcu_v10.6/cross_tools/arm-none-eabi-gcc-4_7_3/bin/../lib/gcc/arm-none-eabi/4.7.3/armv6-m\libgcc.a(_thumb1_case_sqi.o)
                0x00000410                __gnu_thumb1_case_sqi
 .text          0x00000424       0x14 c:/freescale/cw_mcu_v10.6/cross_tools/arm-none-eabi-gcc-4_7_3/bin/../lib/gcc/arm-none-eabi/4.7.3/armv6-m\libgcc.a(_thumb1_case_uqi.o)
                0x00000424                __gnu_thumb1_case_uqi
 .text          0x00000438       0x9c c:/freescale/cw_mcu_v10.6/cross_tools/arm-none-eabi-gcc-4_7_3/bin/../lib/gcc/arm-none-eabi/4.7.3/armv6-m\libgcc.a(_udivsi3.o)
                0x00000438                __aeabi_uidiv
                0x00000438                __udivsi3
                0x000004c0                __aeabi_uidivmod
 .text          0x000004d4        0x4 c:/freescale/cw_mcu_v10.6/cross_tools/arm-none-eabi-gcc-4_7_3/bin/../lib/gcc/arm-none-eabi/4.7.3/armv6-m\libgcc.a(_dvmd_tls.o)
                0x000004d4                __aeabi_idiv0
                0x000004d4                __aeabi_ldiv0
 .text          0x000004d8       0x7c c:/freescale/cw_mcu_v10.6/cross_tools/arm-none-eabi-gcc-4_7_3/bin/../lib/gcc/arm-none-eabi/4.7.3/armv6-m\libgcc.a(_arm_cmpdf2.o)
                0x000004d8                __aeabi_cdrcmple
                0x000004e8                __aeabi_cdcmple
                0x000004e8                __aeabi_cdcmpeq
                0x000004f8                __aeabi_dcmpeq
                0x00000504                __aeabi_dcmplt
                0x00000518                __aeabi_dcmple
                0x0000052c                __aeabi_dcmpgt
                0x00000540                __aeabi_dcmpge
 .text          0x00000554       0x7c c:/freescale/cw_mcu_v10.6/cross_tools/arm-none-eabi-gcc-4_7_3/bin/../lib/gcc/arm-none-eabi/4.7.3/armv6-m\libgcc.a(eqdf2.o)
                0x00000554                __nedf2
                0x00000554                __eqdf2
 .text          0x000005d0       0xe8 c:/freescale/cw_mcu_v10.6/cross_tools/arm-none-eabi-gcc-4_7_3/bin/../lib/gcc/arm-none-eabi/4.7.3/armv6-m\libgcc.a(gedf2.o)
                0x000005d0                __gedf2
                0x000005d0                __gtdf2
 .text          0x000006b8       0xd8 c:/freescale/cw_mcu_v10.6/cross_tools/arm-none-eabi-gcc-4_7_3/bin/../lib/gcc/arm-none-eabi/4.7.3/armv6-m\libgcc.a(ledf2.o)
                0x000006b8                __ledf2
                0x000006b8                __ltdf2
 .text          0x00000790       0x64 c:/freescale/cw_mcu_v10.6/cross_tools/arm-none-eabi-gcc-4_7_3/bin/../lib/gcc/arm-none-eabi/4.7.3/armv6-m\libgcc.a(floatunsidf.o)
                0x00000790                __aeabi_ui2d
 .text          0x000007f4       0x3c c:/freescale/cw_mcu_v10.6/cross_tools/arm-none-eabi-gcc-4_7_3/bin/../lib/gcc/arm-none-eabi/4.7.3/armv6-m\libgcc.a(_clzsi2.o)
                0x000007f4                __clzsi2
 *(.text*)
 .text.TimerIntLdd1_OnInterrupt
                0x00000830       0x14 ./Generated_Code/timer.o
                0x00000830                TimerIntLdd1_OnInterrupt
 .text.TimerIntLdd1_Init
                0x00000844       0x50 ./Generated_Code/TimerIntLdd1.o
                0x00000844                TimerIntLdd1_Init
 .text.TU1_OnCounterRestart
                0x00000894       0x24 ./Generated_Code/TimerIntLdd1.o
                0x00000894                TU1_OnCounterRestart
 .text.TU1_Init
                0x000008b8       0xbc ./Generated_Code/TU1.o
                0x000008b8                TU1_Init
 .text.TU1_Interrupt
                0x00000974       0x30 ./Generated_Code/TU1.o
                0x00000974                TU1_Interrupt
 .text.CI2C1_OnMasterBlockSent
                0x000009a4       0x24 ./Generated_Code/GI2C1.o
                0x000009a4                CI2C1_OnMasterBlockSent
 .text.CI2C1_OnMasterBlockReceived
                0x000009c8       0x24 ./Generated_Code/GI2C1.o
                0x000009c8                CI2C1_OnMasterBlockReceived
 .text.GI2C1_Init
                0x000009ec       0x24 ./Generated_Code/GI2C1.o
                0x000009ec                GI2C1_Init
 .text.ExtIntLdd1_Init
                0x00000a10       0x88 ./Generated_Code/ExtIntLdd1.o
                0x00000a10                ExtIntLdd1_Init
 .text.ExtIntLdd1_Enable
                0x00000a98       0x38 ./Generated_Code/ExtIntLdd1.o
                0x00000a98                ExtIntLdd1_Enable
 .text.ExtIntLdd1_Interrupt
                0x00000ad0       0x34 ./Generated_Code/ExtIntLdd1.o
                0x00000ad0                ExtIntLdd1_Interrupt
 .text.ExtIntLdd1_OnInterrupt
                0x00000b04       0x14 ./Generated_Code/EInt1.o
                0x00000b04                ExtIntLdd1_OnInterrupt
 .text.DacLdd1_Init
                0x00000b18       0xa4 ./Generated_Code/DacLdd1.o
                0x00000b18                DacLdd1_Init
 .text.DacLdd1_SetValue
                0x00000bbc       0x44 ./Generated_Code/DacLdd1.o
                0x00000bbc                DacLdd1_SetValue
 .text.Cpu_INT_NMIInterrupt
                0x00000c00        0xc ./Generated_Code/Cpu.o
                0x00000c00                Cpu_INT_NMIInterrupt
 .text.Cpu_Interrupt
                0x00000c0c        0xc ./Generated_Code/Cpu.o
                0x00000c0c                Cpu_Interrupt
 .text.__init_hardware
                0x00000c18      0x120 ./Generated_Code/Cpu.o
                0x00000c18                __init_hardware
 .text.PE_low_level_init
                0x00000d38      0x144 ./Generated_Code/Cpu.o
                0x00000d38                PE_low_level_init
 .text.AdcLdd1_OnMeasurementComplete
                0x00000e7c       0x5c ./Generated_Code/Conversor.o
                0x00000e7c                AdcLdd1_OnMeasurementComplete
 .text.Conversor_Init
                0x00000ed8       0x2c ./Generated_Code/Conversor.o
                0x00000ed8                Conversor_Init
 .text.CLS1_Init
                0x00000f04        0x8 ./Generated_Code/CLS1.o
                0x00000f04                CLS1_Init
 .text.CI2C1_Interrupt
                0x00000f0c      0x2fc ./Generated_Code/CI2C1.o
                0x00000f0c                CI2C1_Interrupt
 .text.CI2C1_Init
                0x00001208      0x120 ./Generated_Code/CI2C1.o
                0x00001208                CI2C1_Init
 .text.OneBitTimeDelay
                0x00001328       0x20 ./Generated_Code/CI2C1.o
 .text.BitsIoLdd1_Init
                0x00001348       0xe0 ./Generated_Code/BitsIoLdd1.o
                0x00001348                BitsIoLdd1_Init
 .text.BitsIoLdd1_PutVal
                0x00001428       0x2c ./Generated_Code/BitsIoLdd1.o
                0x00001428                BitsIoLdd1_PutVal
 .text.BitIoLdd9_Init
                0x00001454       0x60 ./Generated_Code/BitIoLdd9.o
                0x00001454                BitIoLdd9_Init
 .text.BitIoLdd9_ClrVal
                0x000014b4       0x18 ./Generated_Code/BitIoLdd9.o
                0x000014b4                BitIoLdd9_ClrVal
 .text.BitIoLdd9_SetVal
                0x000014cc       0x18 ./Generated_Code/BitIoLdd9.o
                0x000014cc                BitIoLdd9_SetVal
 .text.BitIoLdd8_Init
                0x000014e4       0x60 ./Generated_Code/BitIoLdd8.o
                0x000014e4                BitIoLdd8_Init
 .text.BitIoLdd8_ClrVal
                0x00001544       0x18 ./Generated_Code/BitIoLdd8.o
                0x00001544                BitIoLdd8_ClrVal
 .text.BitIoLdd8_SetVal
                0x0000155c       0x18 ./Generated_Code/BitIoLdd8.o
                0x0000155c                BitIoLdd8_SetVal
 .text.BitIoLdd7_Init
                0x00001574       0x58 ./Generated_Code/BitIoLdd7.o
                0x00001574                BitIoLdd7_Init
 .text.BitIoLdd7_GetVal
                0x000015cc       0x28 ./Generated_Code/BitIoLdd7.o
                0x000015cc                BitIoLdd7_GetVal
 .text.BitIoLdd6_Init
                0x000015f4       0x58 ./Generated_Code/BitIoLdd6.o
                0x000015f4                BitIoLdd6_Init
 .text.BitIoLdd6_GetVal
                0x0000164c       0x28 ./Generated_Code/BitIoLdd6.o
                0x0000164c                BitIoLdd6_GetVal
 .text.BitIoLdd5_Init
                0x00001674       0x58 ./Generated_Code/BitIoLdd5.o
                0x00001674                BitIoLdd5_Init
 .text.BitIoLdd5_GetVal
                0x000016cc       0x28 ./Generated_Code/BitIoLdd5.o
                0x000016cc                BitIoLdd5_GetVal
 .text.BitIoLdd4_Init
                0x000016f4       0x58 ./Generated_Code/BitIoLdd4.o
                0x000016f4                BitIoLdd4_Init
 .text.BitIoLdd3_Init
                0x0000174c       0x64 ./Generated_Code/BitIoLdd3.o
                0x0000174c                BitIoLdd3_Init
 .text.BitIoLdd2_Init
                0x000017b0       0x68 ./Generated_Code/BitIoLdd2.o
                0x000017b0                BitIoLdd2_Init
 .text.BitIoLdd2_ClrVal
                0x00001818       0x1c ./Generated_Code/BitIoLdd2.o
                0x00001818                BitIoLdd2_ClrVal
 .text.BitIoLdd2_SetVal
                0x00001834       0x1c ./Generated_Code/BitIoLdd2.o
                0x00001834                BitIoLdd2_SetVal
 .text.BitIoLdd11_Init
                0x00001850       0x60 ./Generated_Code/BitIoLdd11.o
                0x00001850                BitIoLdd11_Init
 .text.BitIoLdd11_ClrVal
                0x000018b0       0x18 ./Generated_Code/BitIoLdd11.o
                0x000018b0                BitIoLdd11_ClrVal
 .text.BitIoLdd11_SetVal
                0x000018c8       0x18 ./Generated_Code/BitIoLdd11.o
                0x000018c8                BitIoLdd11_SetVal
 .text.BitIoLdd10_Init
                0x000018e0       0x60 ./Generated_Code/BitIoLdd10.o
                0x000018e0                BitIoLdd10_Init
 .text.BitIoLdd10_ClrVal
                0x00001940       0x18 ./Generated_Code/BitIoLdd10.o
                0x00001940                BitIoLdd10_ClrVal
 .text.BitIoLdd10_SetVal
                0x00001958       0x18 ./Generated_Code/BitIoLdd10.o
                0x00001958                BitIoLdd10_SetVal
 .text.BitIoLdd1_Init
                0x00001970       0x68 ./Generated_Code/BitIoLdd1.o
                0x00001970                BitIoLdd1_Init
 .text.BitIoLdd1_ClrVal
                0x000019d8       0x1c ./Generated_Code/BitIoLdd1.o
                0x000019d8                BitIoLdd1_ClrVal
 .text.BitIoLdd1_SetVal
                0x000019f4       0x1c ./Generated_Code/BitIoLdd1.o
                0x000019f4                BitIoLdd1_SetVal
 .text.AdcLdd1_Init
                0x00001a10       0xbc ./Generated_Code/AdcLdd1.o
                0x00001a10                AdcLdd1_Init
 .text.AdcLdd1_GetMeasuredValues
                0x00001acc       0x60 ./Generated_Code/AdcLdd1.o
                0x00001acc                AdcLdd1_GetMeasuredValues
 .text.AdcLdd1_GetCalibrationResultStatus
                0x00001b2c       0xb8 ./Generated_Code/AdcLdd1.o
                0x00001b2c                AdcLdd1_GetCalibrationResultStatus
 .text.AdcLdd1_MeasurementCompleteInterrupt
                0x00001be4       0x30 ./Generated_Code/AdcLdd1.o
                0x00001be4                AdcLdd1_MeasurementCompleteInterrupt
 .text.zero_fill_bss
                0x00001c14       0x24 ./Project_Settings/Startup_Code/__arm_start.o
 .text.__thumb_startup
                0x00001c38       0x30 ./Project_Settings/Startup_Code/__arm_start.o
                0x00001c38                __thumb_startup
 .text._ExitProcess
                0x00001c68        0xc ./Project_Settings/Startup_Code/__arm_end.o
                0x00001c68                _ExitProcess
 .text.main     0x00001c74       0xb4 ./Sources/main.o
                0x00001c74                main
 .text.generate_square_wave
                0x00001d28       0x90 ./Sources/main.o
                0x00001d28                generate_square_wave
 .text.generate_triangular_wave
                0x00001db8      0x10c ./Sources/main.o
                0x00001db8                generate_triangular_wave
 .text.get_keys
                0x00001ec4       0x3c ./Sources/main.o
                0x00001ec4                get_keys
 .text.check_key_L1
                0x00001f00       0x98 ./Sources/main.o
                0x00001f00                check_key_L1
 .text.check_key_L2
                0x00001f98       0x98 ./Sources/main.o
                0x00001f98                check_key_L2
 .text.check_key_L3
                0x00002030       0x98 ./Sources/main.o
                0x00002030                check_key_L3
 .text.check_key_L4
                0x000020c8       0x98 ./Sources/main.o
                0x000020c8                check_key_L4
 .text.wait_n_interruptions
                0x00002160       0x34 ./Sources/main.o
                0x00002160                wait_n_interruptions
 .text.send_string
                0x00002194       0x40 ./Sources/main.o
                0x00002194                send_string
 .text.init_LCD
                0x000021d4       0x28 ./Sources/main.o
                0x000021d4                init_LCD
 .text.send_cmd
                0x000021fc       0x50 ./Sources/main.o
                0x000021fc                send_cmd
 .text.send_data
                0x0000224c       0x4c ./Sources/main.o
                0x0000224c                send_data
 .text.read_keys
                0x00002298       0xd4 ./Sources/main.o
                0x00002298                read_keys
 .text.Cpu_OnNMIINT
                0x0000236c        0x8 ./Sources/Events.o
                0x0000236c                Cpu_OnNMIINT
 .text.timer_OnInterrupt
                0x00002374       0x40 ./Sources/Events.o
                0x00002374                timer_OnInterrupt
 .text.Conversor_OnEnd
                0x000023b4       0x14 ./Sources/Events.o
                0x000023b4                Conversor_OnEnd
 .text.Conversor_OnCalibrationEnd
                0x000023c8        0x8 ./Sources/Events.o
                0x000023c8                Conversor_OnCalibrationEnd
 .text.EInt1_OnInterrupt
                0x000023d0       0x60 ./Sources/Events.o
                0x000023d0                EInt1_OnInterrupt
 .text.sbrk     0x00002430       0x2c C:/Freescale/CW_MCU_v10.6/MCU/ARM_GCC_Support/ewl/lib/armv6-m\libc.a(alloc.o)
                0x00002430                sbrk
 .text.malloc   0x0000245c      0x114 C:/Freescale/CW_MCU_v10.6/MCU/ARM_GCC_Support/ewl/lib/armv6-m\libc.a(alloc.o)
                0x0000245c                malloc
 .text.exit     0x00002570       0x38 C:/Freescale/CW_MCU_v10.6/MCU/ARM_GCC_Support/ewl/lib/armv6-m\libc.a(exit.o)
                0x00002570                exit
 .text.memcpy   0x000025a8       0x12 C:/Freescale/CW_MCU_v10.6/MCU/ARM_GCC_Support/ewl/lib/armv6-m\libc.a(memcpy.o)
                0x000025a8                memcpy
 .text.memset   0x000025ba        0xc C:/Freescale/CW_MCU_v10.6/MCU/ARM_GCC_Support/ewl/lib/armv6-m\libc.a(memset.o)
                0x000025ba                memset
 .text.strchr   0x000025c6       0x1e C:/Freescale/CW_MCU_v10.6/MCU/ARM_GCC_Support/ewl/lib/armv6-m\libc.a(strchr.o)
                0x000025c6                strchr
 .text.strlen   0x000025e4       0x10 C:/Freescale/CW_MCU_v10.6/MCU/ARM_GCC_Support/ewl/lib/armv6-m\libc.a(strlen.o)
                0x000025e4                strlen
 .text.long2str.isra.0
                0x000025f4      0x19c C:/Freescale/CW_MCU_v10.6/MCU/ARM_GCC_Support/ewl/lib/armv6-m\libc.a(printformat_.o)
 .text.__pformatter_
                0x00002790      0x428 C:/Freescale/CW_MCU_v10.6/MCU/ARM_GCC_Support/ewl/lib/armv6-m\libc.a(printformat_.o)
                0x00002790                __pformatter_
 .text.__sformatter
                0x00002bb8      0x698 C:/Freescale/CW_MCU_v10.6/MCU/ARM_GCC_Support/ewl/lib/armv6-m\libc.a(scanformat_.o)
                0x00002bb8                __sformatter
 .text.isalpha  0x00003250       0x20 C:/Freescale/CW_MCU_v10.6/MCU/ARM_GCC_Support/ewl/lib/armv6-m\libc.a(ctype_aeabi.o)
                0x00003250                isalpha
 .text.isspace  0x00003270       0x20 C:/Freescale/CW_MCU_v10.6/MCU/ARM_GCC_Support/ewl/lib/armv6-m\libc.a(ctype_aeabi.o)
                0x00003270                isspace
 .text.toupper  0x00003290        0xe C:/Freescale/CW_MCU_v10.6/MCU/ARM_GCC_Support/ewl/lib/armv6-m\libc.a(ctype_aeabi.o)
                0x00003290                toupper
 .text.__strtoul
                0x0000329e      0x1ce C:/Freescale/CW_MCU_v10.6/MCU/ARM_GCC_Support/ewl/lib/armv6-m\libc.a(__strtoul.o)
                0x0000329e                __strtoul
 .text.__fill_mem
                0x0000346c       0x7e C:/Freescale/CW_MCU_v10.6/MCU/ARM_GCC_Support/ewl/lib/armv6-m\libc.a(__filll_mem.o)
                0x0000346c                __fill_mem
 .text.memchr   0x000034ea       0x1a C:/Freescale/CW_MCU_v10.6/MCU/ARM_GCC_Support/ewl/lib/armv6-m\libc.a(memchr.o)
                0x000034ea                memchr
 .text.__init_cpp
                0x00003504       0x48 C:/Freescale/CW_MCU_v10.6/MCU/ARM_GCC_Support/ewl/lib/armv6-m\librt.a(gcc_ctor_dtor.o)
                0x00003504                __init_cpp
 .text.__fini_cpp
                0x0000354c       0x34 C:/Freescale/CW_MCU_v10.6/MCU/ARM_GCC_Support/ewl/lib/armv6-m\librt.a(gcc_ctor_dtor.o)
                0x0000354c                __fini_cpp
 .text.__copy_rom_section
                0x00003580       0x48 C:/Freescale/CW_MCU_v10.6/MCU/ARM_GCC_Support/ewl/lib/armv6-m\librt.a(ROMCopy.o)
                0x00003580                __copy_rom_section
 .text.__copy_rom_sections_to_ram
                0x000035c8       0x34 C:/Freescale/CW_MCU_v10.6/MCU/ARM_GCC_Support/ewl/lib/armv6-m\librt.a(ROMCopy.o)
                0x000035c8                __copy_rom_sections_to_ram
 .text.__destroy_global_chain
                0x000035fc       0x1c C:/Freescale/CW_MCU_v10.6/MCU/ARM_GCC_Support/ewl/lib/armv6-m\librt.a(__arm_eabi_init.o)
                0x000035fc                __destroy_global_chain
 .text.__init_registers
                0x00003618       0x1c C:/Freescale/CW_MCU_v10.6/MCU/ARM_GCC_Support/ewl/lib/armv6-m\librt.a(__arm_eabi_init.o)
                0x00003618                __init_registers
 .text.__init_user
                0x00003634        0x4 C:/Freescale/CW_MCU_v10.6/MCU/ARM_GCC_Support/ewl/lib/armv6-m\librt.a(__arm_eabi_init.o)
                0x00003634                __init_user
 *(.rodata)
 .rodata        0x00003638       0xa0 ./Sources/main.o
 *(.rodata*)
 .rodata.buttons_map
                0x000036d8        0xc ./Sources/main.o
                0x000036d8                buttons_map
 .rodata.str1.1
                0x000036e4        0x1 C:/Freescale/CW_MCU_v10.6/MCU/ARM_GCC_Support/ewl/lib/armv6-m\libc.a(printformat_.o)
 .rodata.CSWTCH.20
                0x000036e5        0x5 C:/Freescale/CW_MCU_v10.6/MCU/ARM_GCC_Support/ewl/lib/armv6-m\libc.a(printformat_.o)
 .rodata.CSWTCH.21
                0x000036ea        0x5 C:/Freescale/CW_MCU_v10.6/MCU/ARM_GCC_Support/ewl/lib/armv6-m\libc.a(printformat_.o)
 .rodata.__aeabi_ctype_table_C
                0x000036ef      0x101 C:/Freescale/CW_MCU_v10.6/MCU/ARM_GCC_Support/ewl/lib/armv6-m\libc.a(ctype_aeabi.o)
                0x000036ef                __aeabi_ctype_table_C
 *(.glue_7)
 .glue_7        0x00000000        0x0 linker stubs
 *(.glue_7t)
 .glue_7t       0x00000000        0x0 linker stubs
 *(.eh_frame)
 *(.init)
 *(.fini)
                0x000037f0                . = ALIGN (0x4)
                0x000037f0                _etext = .

.vfp11_veneer   0x000037f0        0x0
 .vfp11_veneer  0x00000000        0x0 linker stubs

.v4_bx          0x000037f0        0x0
 .v4_bx         0x00000000        0x0 linker stubs

.iplt           0x000037f0        0x0
 .iplt          0x00000000        0x0 ./Generated_Code/timer.o

.rel.dyn        0x000037f0        0x0
 .rel.iplt      0x00000000        0x0 ./Generated_Code/timer.o

.ARM.extab
 *(.ARM.extab* .gnu.linkonce.armextab.*)

.ARM            0x000037f0        0x0
                0x000037f0                __exidx_start = .
 *(.ARM.exidx*)
                0x000037f0                __exidx_end = .

.ctors          0x000037f0        0x0
                0x000037f0                __CTOR_LIST__ = .
 *crtbegin.o(.ctors)
 *(EXCLUDE_FILE(*crtend.o) .ctors)
 *(SORT(.ctors.*))
 *(.ctors)
                0x000037f0                __CTOR_END__ = .

.dtors          0x000037f0        0x0
                0x000037f0                __DTOR_LIST__ = .
 *crtbegin.o(.dtors)
 *(EXCLUDE_FILE(*crtend.o) .dtors)
 *(SORT(.dtors.*))
 *(.dtors)
                0x000037f0                __DTOR_END__ = .

.preinit_array  0x000037f0        0x0
                0x000037f0                PROVIDE (__preinit_array_start, .)
 *(.preinit_array*)
                0x000037f0                PROVIDE (__preinit_array_end, .)

.init_array     0x000037f0        0x0
                0x000037f0                PROVIDE (__init_array_start, .)
 *(SORT(.init_array.*))
 *(.init_array*)
                0x000037f0                PROVIDE (__init_array_end, .)

.fini_array     0x000037f0        0x0
                0x000037f0                PROVIDE (__fini_array_start, .)
 *(SORT(.fini_array.*))
 *(.fini_array*)
                0x000037f0                PROVIDE (__fini_array_end, .)
                0x000037f0                ___ROM_AT = .

.mtb            0x1ffff000        0x0
                0x1ffff000                . = ALIGN (0x8)
                0x1ffff000                _mtb_start = .
 *(.mtb_buf)
                0x1ffff000                . = ALIGN (0x8)
                0x1ffff000                _mtb_end = .

.data           0x1ffff000        0x4 load address 0x000037f0
                0x1ffff000                . = ALIGN (0x4)
                0x1ffff000                _sdata = .
 *(.data)
 *(.data*)
 .data.tail     0x1ffff000        0x4 C:/Freescale/CW_MCU_v10.6/MCU/ARM_GCC_Support/ewl/lib/armv6-m\libc.a(alloc.o)
                0x1ffff004                . = ALIGN (0x4)
                0x1ffff004                _edata = .
                0x00000004                ___data_size = (_edata - _sdata)

.igot.plt       0x1ffff004        0x0 load address 0x000037f4
 .igot.plt      0x00000000        0x0 ./Generated_Code/timer.o
                0x1ffff004                . = ALIGN (0x4)

.bss            0x1ffff004      0x128 load address 0x000037f4
                0x1ffff004                __START_BSS = .
                0x1ffff004                PROVIDE (__bss_start__, __START_BSS)
 *(.bss)
 *(.bss*)
 .bss.DeviceDataPrv__DEFAULT_RTOS_ALLOC
                0x1ffff004        0xc ./Generated_Code/TimerIntLdd1.o
 .bss.DeviceDataPrv__DEFAULT_RTOS_ALLOC
                0x1ffff010        0x8 ./Generated_Code/TU1.o
 .bss.INT_LPTimer__DEFAULT_RTOS_ISRPARAM
                0x1ffff018        0x4 ./Generated_Code/TU1.o
 .bss.PE_LDD_DeviceDataList
                0x1ffff01c       0x48 ./Generated_Code/PE_LDD.o
                0x1ffff01c                PE_LDD_DeviceDataList
 .bss.GI2C1_deviceData
                0x1ffff064        0x8 ./Generated_Code/GI2C1.o
 .bss.DeviceDataPrv__DEFAULT_RTOS_ALLOC
                0x1ffff06c        0x4 ./Generated_Code/ExtIntLdd1.o
 .bss.INT_PORTA__DEFAULT_RTOS_ISRPARAM
                0x1ffff070        0x4 ./Generated_Code/ExtIntLdd1.o
 .bss.DeviceDataPtr__DEFAULT_RTOS_ALLOC
                0x1ffff074        0x8 ./Generated_Code/DacLdd1.o
 .bss.ModeFlg   0x1ffff07c        0x1 ./Generated_Code/Conversor.o
 .bss.OutFlg    0x1ffff07d        0x1 ./Generated_Code/Conversor.o
 *fill*         0x1ffff07e        0x2 00
 .bss.DeviceDataPrv__DEFAULT_RTOS_ALLOC
                0x1ffff080       0x18 ./Generated_Code/CI2C1.o
 .bss.INT_I2C1__DEFAULT_RTOS_ISRPARAM
                0x1ffff098        0x4 ./Generated_Code/CI2C1.o
 .bss.DeviceDataPrv__DEFAULT_RTOS_ALLOC
                0x1ffff09c        0x4 ./Generated_Code/BitsIoLdd1.o
 .bss.DeviceDataPrv__DEFAULT_RTOS_ALLOC
                0x1ffff0a0        0x4 ./Generated_Code/BitIoLdd9.o
 .bss.DeviceDataPrv__DEFAULT_RTOS_ALLOC
                0x1ffff0a4        0x4 ./Generated_Code/BitIoLdd8.o
 .bss.DeviceDataPrv__DEFAULT_RTOS_ALLOC
                0x1ffff0a8        0x4 ./Generated_Code/BitIoLdd7.o
 .bss.DeviceDataPrv__DEFAULT_RTOS_ALLOC
                0x1ffff0ac        0x4 ./Generated_Code/BitIoLdd6.o
 .bss.DeviceDataPrv__DEFAULT_RTOS_ALLOC
                0x1ffff0b0        0x4 ./Generated_Code/BitIoLdd5.o
 .bss.DeviceDataPrv__DEFAULT_RTOS_ALLOC
                0x1ffff0b4        0x4 ./Generated_Code/BitIoLdd4.o
 .bss.DeviceDataPrv__DEFAULT_RTOS_ALLOC
                0x1ffff0b8        0x4 ./Generated_Code/BitIoLdd3.o
 .bss.DeviceDataPrv__DEFAULT_RTOS_ALLOC
                0x1ffff0bc        0x4 ./Generated_Code/BitIoLdd2.o
 .bss.DeviceDataPrv__DEFAULT_RTOS_ALLOC
                0x1ffff0c0        0x4 ./Generated_Code/BitIoLdd11.o
 .bss.DeviceDataPrv__DEFAULT_RTOS_ALLOC
                0x1ffff0c4        0x4 ./Generated_Code/BitIoLdd10.o
 .bss.DeviceDataPrv__DEFAULT_RTOS_ALLOC
                0x1ffff0c8        0x4 ./Generated_Code/BitIoLdd1.o
 .bss.DeviceDataPrv__DEFAULT_RTOS_ALLOC
                0x1ffff0cc        0x8 ./Generated_Code/AdcLdd1.o
 .bss.INT_ADC0__DEFAULT_RTOS_ISRPARAM
                0x1ffff0d4        0x4 ./Generated_Code/AdcLdd1.o
 .bss.argv      0x1ffff0d8        0x4 ./Project_Settings/Startup_Code/__arm_start.o
 .bss.last_tick.6280
                0x1ffff0dc        0x4 ./Sources/Events.o
 .bss.head      0x1ffff0e0        0x4 C:/Freescale/CW_MCU_v10.6/MCU/ARM_GCC_Support/ewl/lib/armv6-m\libc.a(alloc.o)
 .bss.heap_end.4347
                0x1ffff0e4        0x4 C:/Freescale/CW_MCU_v10.6/MCU/ARM_GCC_Support/ewl/lib/armv6-m\libc.a(alloc.o)
 .bss.__stdio_exit
                0x1ffff0e8        0x4 C:/Freescale/CW_MCU_v10.6/MCU/ARM_GCC_Support/ewl/lib/armv6-m\libc.a(exit.o)
                0x1ffff0e8                __stdio_exit
 .bss.__console_exit
                0x1ffff0ec        0x4 C:/Freescale/CW_MCU_v10.6/MCU/ARM_GCC_Support/ewl/lib/armv6-m\libc.a(exit.o)
                0x1ffff0ec                __console_exit
 .bss.__S_romp  0x1ffff0f0        0xc C:/Freescale/CW_MCU_v10.6/MCU/ARM_GCC_Support/ewl/lib/armv6-m\librt.a(ROMCopy.o)
 .bss.__global_destructor_chain
                0x1ffff0fc        0x4 C:/Freescale/CW_MCU_v10.6/MCU/ARM_GCC_Support/ewl/lib/armv6-m\librt.a(__arm_eabi_init.o)
                0x1ffff0fc                __global_destructor_chain
 *(COMMON)
 COMMON         0x1ffff100       0x20 ./Generated_Code/timer.o
                0x1ffff100                isReady
                0x1ffff104                autorizacao
                0x1ffff108                buttons
                0x1ffff118                wait_interval
                0x1ffff11c                tick_counter
 COMMON         0x1ffff120        0x8 ./Generated_Code/Conversor.o
                0x1ffff120                Conversor_OutV
                0x1ffff124                AdcLdd1_DeviceDataPtr
 COMMON         0x1ffff128        0x1 ./Sources/main.o
                0x1ffff128                waiting
                0x1ffff12c                . = ALIGN (0x4)
 *fill*         0x1ffff129        0x3 00
                0x1ffff12c                __END_BSS = .
                0x1ffff12c                PROVIDE (__bss_end__, __END_BSS)
                0x000037f4                _romp_at = (___ROM_AT + SIZEOF (.data))

.romp           0x1ffff12c       0x18 load address 0x000037f4
                0x000037f4                __S_romp = _romp_at
                0x1ffff12c        0x4 LONG 0x37f0 ___ROM_AT
                0x1ffff130        0x4 LONG 0x1ffff000 _sdata
                0x1ffff134        0x4 LONG 0x4 ___data_size
                0x1ffff138        0x4 LONG 0x0
                0x1ffff13c        0x4 LONG 0x0
                0x1ffff140        0x4 LONG 0x0

._user_heap_stack
                0x1ffff144      0x400 load address 0x0000380c
                0x1ffff144                . = ALIGN (0x4)
                0x1ffff144                PROVIDE (end, .)
                0x1ffff144                PROVIDE (_end, .)
                0x1ffff144                __heap_addr = .
                0x1ffff144                . = (. + __heap_size)
                0x1ffff544                . = (. + __stack_size)
 *fill*         0x1ffff144      0x400 00
                0x1ffff544                . = ALIGN (0x4)

.ARM.attributes
                0x00000000       0x31
 *(.ARM.attributes)
 .ARM.attributes
                0x00000000       0x31 ./Generated_Code/timer.o
 .ARM.attributes
                0x00000031       0x31 ./Generated_Code/Vectors.o
 .ARM.attributes
                0x00000062       0x31 ./Generated_Code/TimerIntLdd1.o
 .ARM.attributes
                0x00000093       0x31 ./Generated_Code/TU1.o
 .ARM.attributes
                0x000000c4       0x31 ./Generated_Code/PE_LDD.o
 .ARM.attributes
                0x000000f5       0x31 ./Generated_Code/GI2C1.o
 .ARM.attributes
                0x00000126       0x31 ./Generated_Code/ExtIntLdd1.o
 .ARM.attributes
                0x00000157       0x31 ./Generated_Code/EInt1.o
 .ARM.attributes
                0x00000188       0x31 ./Generated_Code/DacLdd1.o
 .ARM.attributes
                0x000001b9       0x31 ./Generated_Code/Cpu.o
 .ARM.attributes
                0x000001ea       0x31 ./Generated_Code/Conversor.o
 .ARM.attributes
                0x0000021b       0x31 ./Generated_Code/CLS1.o
 .ARM.attributes
                0x0000024c       0x31 ./Generated_Code/CI2C1.o
 .ARM.attributes
                0x0000027d       0x31 ./Generated_Code/BitsIoLdd1.o
 .ARM.attributes
                0x000002ae       0x31 ./Generated_Code/BitIoLdd9.o
 .ARM.attributes
                0x000002df       0x31 ./Generated_Code/BitIoLdd8.o
 .ARM.attributes
                0x00000310       0x31 ./Generated_Code/BitIoLdd7.o
 .ARM.attributes
                0x00000341       0x31 ./Generated_Code/BitIoLdd6.o
 .ARM.attributes
                0x00000372       0x31 ./Generated_Code/BitIoLdd5.o
 .ARM.attributes
                0x000003a3       0x31 ./Generated_Code/BitIoLdd4.o
 .ARM.attributes
                0x000003d4       0x31 ./Generated_Code/BitIoLdd3.o
 .ARM.attributes
                0x00000405       0x31 ./Generated_Code/BitIoLdd2.o
 .ARM.attributes
                0x00000436       0x31 ./Generated_Code/BitIoLdd11.o
 .ARM.attributes
                0x00000467       0x31 ./Generated_Code/BitIoLdd10.o
 .ARM.attributes
                0x00000498       0x31 ./Generated_Code/BitIoLdd1.o
 .ARM.attributes
                0x000004c9       0x31 ./Generated_Code/AdcLdd1.o
 .ARM.attributes
                0x000004fa       0x31 ./Project_Settings/Startup_Code/__arm_start.o
 .ARM.attributes
                0x0000052b       0x31 ./Project_Settings/Startup_Code/__arm_end.o
 .ARM.attributes
                0x0000055c       0x31 ./Sources/main.o
 .ARM.attributes
                0x0000058d       0x31 ./Sources/Events.o
 .ARM.attributes
                0x000005be       0x31 C:/Freescale/CW_MCU_v10.6/MCU/ARM_GCC_Support/ewl/lib/armv6-m\libc.a(alloc.o)
 .ARM.attributes
                0x000005ef       0x31 C:/Freescale/CW_MCU_v10.6/MCU/ARM_GCC_Support/ewl/lib/armv6-m\libc.a(exit.o)
 .ARM.attributes
                0x00000620       0x31 C:/Freescale/CW_MCU_v10.6/MCU/ARM_GCC_Support/ewl/lib/armv6-m\libc.a(memcpy.o)
 .ARM.attributes
                0x00000651       0x31 C:/Freescale/CW_MCU_v10.6/MCU/ARM_GCC_Support/ewl/lib/armv6-m\libc.a(memset.o)
 .ARM.attributes
                0x00000682       0x31 C:/Freescale/CW_MCU_v10.6/MCU/ARM_GCC_Support/ewl/lib/armv6-m\libc.a(strchr.o)
 .ARM.attributes
                0x000006b3       0x31 C:/Freescale/CW_MCU_v10.6/MCU/ARM_GCC_Support/ewl/lib/armv6-m\libc.a(strlen.o)
 .ARM.attributes
                0x000006e4       0x31 C:/Freescale/CW_MCU_v10.6/MCU/ARM_GCC_Support/ewl/lib/armv6-m\libc.a(printformat_.o)
 .ARM.attributes
                0x00000715       0x31 C:/Freescale/CW_MCU_v10.6/MCU/ARM_GCC_Support/ewl/lib/armv6-m\libc.a(scanformat_.o)
 .ARM.attributes
                0x00000746       0x31 C:/Freescale/CW_MCU_v10.6/MCU/ARM_GCC_Support/ewl/lib/armv6-m\libc.a(ctype_aeabi.o)
 .ARM.attributes
                0x00000777       0x31 C:/Freescale/CW_MCU_v10.6/MCU/ARM_GCC_Support/ewl/lib/armv6-m\libc.a(__strtoul.o)
 .ARM.attributes
                0x000007a8       0x31 C:/Freescale/CW_MCU_v10.6/MCU/ARM_GCC_Support/ewl/lib/armv6-m\libc.a(__filll_mem.o)
 .ARM.attributes
                0x000007d9       0x31 C:/Freescale/CW_MCU_v10.6/MCU/ARM_GCC_Support/ewl/lib/armv6-m\libc.a(memchr.o)
 .ARM.attributes
                0x0000080a       0x1e c:/freescale/cw_mcu_v10.6/cross_tools/arm-none-eabi-gcc-4_7_3/bin/../lib/gcc/arm-none-eabi/4.7.3/armv6-m\libgcc.a(_thumb1_case_sqi.o)
 .ARM.attributes
                0x00000828       0x1e c:/freescale/cw_mcu_v10.6/cross_tools/arm-none-eabi-gcc-4_7_3/bin/../lib/gcc/arm-none-eabi/4.7.3/armv6-m\libgcc.a(_thumb1_case_uqi.o)
 .ARM.attributes
                0x00000846       0x1e c:/freescale/cw_mcu_v10.6/cross_tools/arm-none-eabi-gcc-4_7_3/bin/../lib/gcc/arm-none-eabi/4.7.3/armv6-m\libgcc.a(_udivsi3.o)
 .ARM.attributes
                0x00000864       0x1e c:/freescale/cw_mcu_v10.6/cross_tools/arm-none-eabi-gcc-4_7_3/bin/../lib/gcc/arm-none-eabi/4.7.3/armv6-m\libgcc.a(_dvmd_tls.o)
 .ARM.attributes
                0x00000882       0x1e c:/freescale/cw_mcu_v10.6/cross_tools/arm-none-eabi-gcc-4_7_3/bin/../lib/gcc/arm-none-eabi/4.7.3/armv6-m\libgcc.a(_arm_cmpdf2.o)
 .ARM.attributes
                0x000008a0       0x2c c:/freescale/cw_mcu_v10.6/cross_tools/arm-none-eabi-gcc-4_7_3/bin/../lib/gcc/arm-none-eabi/4.7.3/armv6-m\libgcc.a(eqdf2.o)
 .ARM.attributes
                0x000008cc       0x2c c:/freescale/cw_mcu_v10.6/cross_tools/arm-none-eabi-gcc-4_7_3/bin/../lib/gcc/arm-none-eabi/4.7.3/armv6-m\libgcc.a(gedf2.o)
 .ARM.attributes
                0x000008f8       0x2c c:/freescale/cw_mcu_v10.6/cross_tools/arm-none-eabi-gcc-4_7_3/bin/../lib/gcc/arm-none-eabi/4.7.3/armv6-m\libgcc.a(ledf2.o)
 .ARM.attributes
                0x00000924       0x2c c:/freescale/cw_mcu_v10.6/cross_tools/arm-none-eabi-gcc-4_7_3/bin/../lib/gcc/arm-none-eabi/4.7.3/armv6-m\libgcc.a(floatunsidf.o)
 .ARM.attributes
                0x00000950       0x1e c:/freescale/cw_mcu_v10.6/cross_tools/arm-none-eabi-gcc-4_7_3/bin/../lib/gcc/arm-none-eabi/4.7.3/armv6-m\libgcc.a(_clzsi2.o)
 .ARM.attributes
                0x0000096e       0x31 C:/Freescale/CW_MCU_v10.6/MCU/ARM_GCC_Support/ewl/lib/armv6-m\librt.a(gcc_ctor_dtor.o)
 .ARM.attributes
                0x0000099f       0x31 C:/Freescale/CW_MCU_v10.6/MCU/ARM_GCC_Support/ewl/lib/armv6-m\librt.a(ROMCopy.o)
 .ARM.attributes
                0x000009d0       0x31 C:/Freescale/CW_MCU_v10.6/MCU/ARM_GCC_Support/ewl/lib/armv6-m\librt.a(__arm_eabi_init.o)
OUTPUT(ea076-exp2.elf elf32-littlearm)

.debug_info     0x00000000     0x95bb
 .debug_info    0x00000000      0x122 ./Generated_Code/timer.o
 .debug_info    0x00000122      0x17b ./Generated_Code/Vectors.o
 .debug_info    0x0000029d      0x202 ./Generated_Code/TimerIntLdd1.o
 .debug_info    0x0000049f      0x5ce ./Generated_Code/TU1.o
 .debug_info    0x00000a6d      0x255 ./Generated_Code/PE_LDD.o
 .debug_info    0x00000cc2      0x60b ./Generated_Code/GI2C1.o
 .debug_info    0x000012cd      0x3f9 ./Generated_Code/ExtIntLdd1.o
 .debug_info    0x000016c6      0x122 ./Generated_Code/EInt1.o
 .debug_info    0x000017e8      0x516 ./Generated_Code/DacLdd1.o
 .debug_info    0x00001cfe      0x9d7 ./Generated_Code/Cpu.o
 .debug_info    0x000026d5      0x2b4 ./Generated_Code/Conversor.o
 .debug_info    0x00002989      0x99c ./Generated_Code/CLS1.o
 .debug_info    0x00003325      0x964 ./Generated_Code/CI2C1.o
 .debug_info    0x00003c89      0x312 ./Generated_Code/BitsIoLdd1.o
 .debug_info    0x00003f9b      0x31e ./Generated_Code/BitIoLdd9.o
 .debug_info    0x000042b9      0x31e ./Generated_Code/BitIoLdd8.o
 .debug_info    0x000045d7      0x313 ./Generated_Code/BitIoLdd7.o
 .debug_info    0x000048ea      0x313 ./Generated_Code/BitIoLdd6.o
 .debug_info    0x00004bfd      0x313 ./Generated_Code/BitIoLdd5.o
 .debug_info    0x00004f10      0x313 ./Generated_Code/BitIoLdd4.o
 .debug_info    0x00005223      0x31e ./Generated_Code/BitIoLdd3.o
 .debug_info    0x00005541      0x31e ./Generated_Code/BitIoLdd2.o
 .debug_info    0x0000585f      0x31e ./Generated_Code/BitIoLdd11.o
 .debug_info    0x00005b7d      0x31e ./Generated_Code/BitIoLdd10.o
 .debug_info    0x00005e9b      0x31e ./Generated_Code/BitIoLdd1.o
 .debug_info    0x000061b9      0x969 ./Generated_Code/AdcLdd1.o
 .debug_info    0x00006b22      0x12a ./Project_Settings/Startup_Code/__arm_start.o
 .debug_info    0x00006c4c       0x54 ./Project_Settings/Startup_Code/__arm_end.o
 .debug_info    0x00006ca0      0x807 ./Sources/main.o
 .debug_info    0x000074a7      0x1bc ./Sources/Events.o
 .debug_info    0x00007663      0x340 C:/Freescale/CW_MCU_v10.6/MCU/ARM_GCC_Support/ewl/lib/armv6-m\libc.a(alloc.o)
 .debug_info    0x000079a3       0xe8 C:/Freescale/CW_MCU_v10.6/MCU/ARM_GCC_Support/ewl/lib/armv6-m\libc.a(exit.o)
 .debug_info    0x00007a8b      0x10f C:/Freescale/CW_MCU_v10.6/MCU/ARM_GCC_Support/ewl/lib/armv6-m\libc.a(memcpy.o)
 .debug_info    0x00007b9a       0xec C:/Freescale/CW_MCU_v10.6/MCU/ARM_GCC_Support/ewl/lib/armv6-m\libc.a(memset.o)
 .debug_info    0x00007c86      0x10b C:/Freescale/CW_MCU_v10.6/MCU/ARM_GCC_Support/ewl/lib/armv6-m\libc.a(strchr.o)
 .debug_info    0x00007d91       0xea C:/Freescale/CW_MCU_v10.6/MCU/ARM_GCC_Support/ewl/lib/armv6-m\libc.a(strlen.o)
 .debug_info    0x00007e7b      0x50d C:/Freescale/CW_MCU_v10.6/MCU/ARM_GCC_Support/ewl/lib/armv6-m\libc.a(printformat_.o)
 .debug_info    0x00008388      0x568 C:/Freescale/CW_MCU_v10.6/MCU/ARM_GCC_Support/ewl/lib/armv6-m\libc.a(scanformat_.o)
 .debug_info    0x000088f0      0x313 C:/Freescale/CW_MCU_v10.6/MCU/ARM_GCC_Support/ewl/lib/armv6-m\libc.a(ctype_aeabi.o)
 .debug_info    0x00008c03      0x1d6 C:/Freescale/CW_MCU_v10.6/MCU/ARM_GCC_Support/ewl/lib/armv6-m\libc.a(__strtoul.o)
 .debug_info    0x00008dd9      0x137 C:/Freescale/CW_MCU_v10.6/MCU/ARM_GCC_Support/ewl/lib/armv6-m\libc.a(__filll_mem.o)
 .debug_info    0x00008f10      0x121 C:/Freescale/CW_MCU_v10.6/MCU/ARM_GCC_Support/ewl/lib/armv6-m\libc.a(memchr.o)
 .debug_info    0x00009031      0x136 C:/Freescale/CW_MCU_v10.6/MCU/ARM_GCC_Support/ewl/lib/armv6-m\librt.a(gcc_ctor_dtor.o)
 .debug_info    0x00009167      0x19b C:/Freescale/CW_MCU_v10.6/MCU/ARM_GCC_Support/ewl/lib/armv6-m\librt.a(ROMCopy.o)
 .debug_info    0x00009302      0x2b9 C:/Freescale/CW_MCU_v10.6/MCU/ARM_GCC_Support/ewl/lib/armv6-m\librt.a(__arm_eabi_init.o)

.debug_abbrev   0x00000000     0x2e9d
 .debug_abbrev  0x00000000       0x85 ./Generated_Code/timer.o
 .debug_abbrev  0x00000085       0xa3 ./Generated_Code/Vectors.o
 .debug_abbrev  0x00000128       0xd2 ./Generated_Code/TimerIntLdd1.o
 .debug_abbrev  0x000001fa      0x16b ./Generated_Code/TU1.o
 .debug_abbrev  0x00000365      0x102 ./Generated_Code/PE_LDD.o
 .debug_abbrev  0x00000467      0x1d1 ./Generated_Code/GI2C1.o
 .debug_abbrev  0x00000638      0x134 ./Generated_Code/ExtIntLdd1.o
 .debug_abbrev  0x0000076c       0x85 ./Generated_Code/EInt1.o
 .debug_abbrev  0x000007f1      0x12a ./Generated_Code/DacLdd1.o
 .debug_abbrev  0x0000091b      0x122 ./Generated_Code/Cpu.o
 .debug_abbrev  0x00000a3d      0x123 ./Generated_Code/Conversor.o
 .debug_abbrev  0x00000b60      0x18f ./Generated_Code/CLS1.o
 .debug_abbrev  0x00000cef      0x19d ./Generated_Code/CI2C1.o
 .debug_abbrev  0x00000e8c      0x12b ./Generated_Code/BitsIoLdd1.o
 .debug_abbrev  0x00000fb7      0x11c ./Generated_Code/BitIoLdd9.o
 .debug_abbrev  0x000010d3      0x11c ./Generated_Code/BitIoLdd8.o
 .debug_abbrev  0x000011ef      0x105 ./Generated_Code/BitIoLdd7.o
 .debug_abbrev  0x000012f4      0x105 ./Generated_Code/BitIoLdd6.o
 .debug_abbrev  0x000013f9      0x105 ./Generated_Code/BitIoLdd5.o
 .debug_abbrev  0x000014fe      0x105 ./Generated_Code/BitIoLdd4.o
 .debug_abbrev  0x00001603      0x11c ./Generated_Code/BitIoLdd3.o
 .debug_abbrev  0x0000171f      0x11c ./Generated_Code/BitIoLdd2.o
 .debug_abbrev  0x0000183b      0x11c ./Generated_Code/BitIoLdd11.o
 .debug_abbrev  0x00001957      0x11c ./Generated_Code/BitIoLdd10.o
 .debug_abbrev  0x00001a73      0x11c ./Generated_Code/BitIoLdd1.o
 .debug_abbrev  0x00001b8f      0x1a6 ./Generated_Code/AdcLdd1.o
 .debug_abbrev  0x00001d35       0x92 ./Project_Settings/Startup_Code/__arm_start.o
 .debug_abbrev  0x00001dc7       0x4c ./Project_Settings/Startup_Code/__arm_end.o
 .debug_abbrev  0x00001e13      0x20d ./Sources/main.o
 .debug_abbrev  0x00002020       0xe8 ./Sources/Events.o
 .debug_abbrev  0x00002108      0x167 C:/Freescale/CW_MCU_v10.6/MCU/ARM_GCC_Support/ewl/lib/armv6-m\libc.a(alloc.o)
 .debug_abbrev  0x0000226f       0x7a C:/Freescale/CW_MCU_v10.6/MCU/ARM_GCC_Support/ewl/lib/armv6-m\libc.a(exit.o)
 .debug_abbrev  0x000022e9       0x95 C:/Freescale/CW_MCU_v10.6/MCU/ARM_GCC_Support/ewl/lib/armv6-m\libc.a(memcpy.o)
 .debug_abbrev  0x0000237e       0x62 C:/Freescale/CW_MCU_v10.6/MCU/ARM_GCC_Support/ewl/lib/armv6-m\libc.a(memset.o)
 .debug_abbrev  0x000023e0       0x7a C:/Freescale/CW_MCU_v10.6/MCU/ARM_GCC_Support/ewl/lib/armv6-m\libc.a(strchr.o)
 .debug_abbrev  0x0000245a       0x7a C:/Freescale/CW_MCU_v10.6/MCU/ARM_GCC_Support/ewl/lib/armv6-m\libc.a(strlen.o)
 .debug_abbrev  0x000024d4      0x200 C:/Freescale/CW_MCU_v10.6/MCU/ARM_GCC_Support/ewl/lib/armv6-m\libc.a(printformat_.o)
 .debug_abbrev  0x000026d4      0x1f0 C:/Freescale/CW_MCU_v10.6/MCU/ARM_GCC_Support/ewl/lib/armv6-m\libc.a(scanformat_.o)
 .debug_abbrev  0x000028c4       0x9e C:/Freescale/CW_MCU_v10.6/MCU/ARM_GCC_Support/ewl/lib/armv6-m\libc.a(ctype_aeabi.o)
 .debug_abbrev  0x00002962       0xc2 C:/Freescale/CW_MCU_v10.6/MCU/ARM_GCC_Support/ewl/lib/armv6-m\libc.a(__strtoul.o)
 .debug_abbrev  0x00002a24       0x78 C:/Freescale/CW_MCU_v10.6/MCU/ARM_GCC_Support/ewl/lib/armv6-m\libc.a(__filll_mem.o)
 .debug_abbrev  0x00002a9c       0x95 C:/Freescale/CW_MCU_v10.6/MCU/ARM_GCC_Support/ewl/lib/armv6-m\libc.a(memchr.o)
 .debug_abbrev  0x00002b31       0x99 C:/Freescale/CW_MCU_v10.6/MCU/ARM_GCC_Support/ewl/lib/armv6-m\librt.a(gcc_ctor_dtor.o)
 .debug_abbrev  0x00002bca      0x120 C:/Freescale/CW_MCU_v10.6/MCU/ARM_GCC_Support/ewl/lib/armv6-m\librt.a(ROMCopy.o)
 .debug_abbrev  0x00002cea      0x1b3 C:/Freescale/CW_MCU_v10.6/MCU/ARM_GCC_Support/ewl/lib/armv6-m\librt.a(__arm_eabi_init.o)

.debug_loc      0x00000000     0x4a56
 .debug_loc     0x00000000       0x38 ./Generated_Code/timer.o
 .debug_loc     0x00000038       0xe0 ./Generated_Code/TimerIntLdd1.o
 .debug_loc     0x00000118      0x150 ./Generated_Code/TU1.o
 .debug_loc     0x00000268       0x9c ./Generated_Code/PE_LDD.o
 .debug_loc     0x00000304      0x370 ./Generated_Code/GI2C1.o
 .debug_loc     0x00000674      0x118 ./Generated_Code/ExtIntLdd1.o
 .debug_loc     0x0000078c       0x38 ./Generated_Code/EInt1.o
 .debug_loc     0x000007c4       0x70 ./Generated_Code/DacLdd1.o
 .debug_loc     0x00000834       0xb0 ./Generated_Code/Cpu.o
 .debug_loc     0x000008e4      0x138 ./Generated_Code/Conversor.o
 .debug_loc     0x00000a1c      0x63c ./Generated_Code/CLS1.o
 .debug_loc     0x00001058      0x1c0 ./Generated_Code/CI2C1.o
 .debug_loc     0x00001218       0x70 ./Generated_Code/BitsIoLdd1.o
 .debug_loc     0x00001288       0xa8 ./Generated_Code/BitIoLdd9.o
 .debug_loc     0x00001330       0xa8 ./Generated_Code/BitIoLdd8.o
 .debug_loc     0x000013d8       0x70 ./Generated_Code/BitIoLdd7.o
 .debug_loc     0x00001448       0x70 ./Generated_Code/BitIoLdd6.o
 .debug_loc     0x000014b8       0x70 ./Generated_Code/BitIoLdd5.o
 .debug_loc     0x00001528       0x70 ./Generated_Code/BitIoLdd4.o
 .debug_loc     0x00001598       0xa8 ./Generated_Code/BitIoLdd3.o
 .debug_loc     0x00001640       0xa8 ./Generated_Code/BitIoLdd2.o
 .debug_loc     0x000016e8       0xa8 ./Generated_Code/BitIoLdd11.o
 .debug_loc     0x00001790       0xa8 ./Generated_Code/BitIoLdd10.o
 .debug_loc     0x00001838       0xa8 ./Generated_Code/BitIoLdd1.o
 .debug_loc     0x000018e0      0x1f8 ./Generated_Code/AdcLdd1.o
 .debug_loc     0x00001ad8       0x2c ./Project_Settings/Startup_Code/__arm_start.o
 .debug_loc     0x00001b04       0x38 ./Project_Settings/Startup_Code/__arm_end.o
 .debug_loc     0x00001b3c      0x41e ./Sources/main.o
 .debug_loc     0x00001f5a       0xdc ./Sources/Events.o
 .debug_loc     0x00002036      0x335 C:/Freescale/CW_MCU_v10.6/MCU/ARM_GCC_Support/ewl/lib/armv6-m\libc.a(alloc.o)
 .debug_loc     0x0000236b       0x3e C:/Freescale/CW_MCU_v10.6/MCU/ARM_GCC_Support/ewl/lib/armv6-m\libc.a(exit.o)
 .debug_loc     0x000023a9       0x59 C:/Freescale/CW_MCU_v10.6/MCU/ARM_GCC_Support/ewl/lib/armv6-m\libc.a(memcpy.o)
 .debug_loc     0x00002402       0x6f C:/Freescale/CW_MCU_v10.6/MCU/ARM_GCC_Support/ewl/lib/armv6-m\libc.a(memset.o)
 .debug_loc     0x00002471       0xaf C:/Freescale/CW_MCU_v10.6/MCU/ARM_GCC_Support/ewl/lib/armv6-m\libc.a(strchr.o)
 .debug_loc     0x00002520       0x33 C:/Freescale/CW_MCU_v10.6/MCU/ARM_GCC_Support/ewl/lib/armv6-m\libc.a(strlen.o)
 .debug_loc     0x00002553     0x104b C:/Freescale/CW_MCU_v10.6/MCU/ARM_GCC_Support/ewl/lib/armv6-m\libc.a(printformat_.o)
 .debug_loc     0x0000359e      0x9d8 C:/Freescale/CW_MCU_v10.6/MCU/ARM_GCC_Support/ewl/lib/armv6-m\libc.a(scanformat_.o)
 .debug_loc     0x00003f76      0x30d C:/Freescale/CW_MCU_v10.6/MCU/ARM_GCC_Support/ewl/lib/armv6-m\libc.a(ctype_aeabi.o)
 .debug_loc     0x00004283      0x305 C:/Freescale/CW_MCU_v10.6/MCU/ARM_GCC_Support/ewl/lib/armv6-m\libc.a(__strtoul.o)
 .debug_loc     0x00004588      0x14a C:/Freescale/CW_MCU_v10.6/MCU/ARM_GCC_Support/ewl/lib/armv6-m\libc.a(__filll_mem.o)
 .debug_loc     0x000046d2       0x77 C:/Freescale/CW_MCU_v10.6/MCU/ARM_GCC_Support/ewl/lib/armv6-m\libc.a(memchr.o)
 .debug_loc     0x00004749       0x9d C:/Freescale/CW_MCU_v10.6/MCU/ARM_GCC_Support/ewl/lib/armv6-m\librt.a(gcc_ctor_dtor.o)
 .debug_loc     0x000047e6       0xd9 C:/Freescale/CW_MCU_v10.6/MCU/ARM_GCC_Support/ewl/lib/armv6-m\librt.a(ROMCopy.o)
 .debug_loc     0x000048bf      0x197 C:/Freescale/CW_MCU_v10.6/MCU/ARM_GCC_Support/ewl/lib/armv6-m\librt.a(__arm_eabi_init.o)

.debug_aranges  0x00000000      0xa68
 .debug_aranges
                0x00000000       0x20 ./Generated_Code/timer.o
 .debug_aranges
                0x00000020       0x18 ./Generated_Code/Vectors.o
 .debug_aranges
                0x00000038       0x38 ./Generated_Code/TimerIntLdd1.o
 .debug_aranges
                0x00000070       0x48 ./Generated_Code/TU1.o
 .debug_aranges
                0x000000b8       0x30 ./Generated_Code/PE_LDD.o
 .debug_aranges
                0x000000e8       0xa0 ./Generated_Code/GI2C1.o
 .debug_aranges
                0x00000188       0x40 ./Generated_Code/ExtIntLdd1.o
 .debug_aranges
                0x000001c8       0x20 ./Generated_Code/EInt1.o
 .debug_aranges
                0x000001e8       0x28 ./Generated_Code/DacLdd1.o
 .debug_aranges
                0x00000210       0x38 ./Generated_Code/Cpu.o
 .debug_aranges
                0x00000248       0x48 ./Generated_Code/Conversor.o
 .debug_aranges
                0x00000290      0x108 ./Generated_Code/CLS1.o
 .debug_aranges
                0x00000398       0x58 ./Generated_Code/CI2C1.o
 .debug_aranges
                0x000003f0       0x28 ./Generated_Code/BitsIoLdd1.o
 .debug_aranges
                0x00000418       0x30 ./Generated_Code/BitIoLdd9.o
 .debug_aranges
                0x00000448       0x30 ./Generated_Code/BitIoLdd8.o
 .debug_aranges
                0x00000478       0x28 ./Generated_Code/BitIoLdd7.o
 .debug_aranges
                0x000004a0       0x28 ./Generated_Code/BitIoLdd6.o
 .debug_aranges
                0x000004c8       0x28 ./Generated_Code/BitIoLdd5.o
 .debug_aranges
                0x000004f0       0x28 ./Generated_Code/BitIoLdd4.o
 .debug_aranges
                0x00000518       0x30 ./Generated_Code/BitIoLdd3.o
 .debug_aranges
                0x00000548       0x30 ./Generated_Code/BitIoLdd2.o
 .debug_aranges
                0x00000578       0x30 ./Generated_Code/BitIoLdd11.o
 .debug_aranges
                0x000005a8       0x30 ./Generated_Code/BitIoLdd10.o
 .debug_aranges
                0x000005d8       0x30 ./Generated_Code/BitIoLdd1.o
 .debug_aranges
                0x00000608       0x60 ./Generated_Code/AdcLdd1.o
 .debug_aranges
                0x00000668       0x30 ./Project_Settings/Startup_Code/__arm_start.o
 .debug_aranges
                0x00000698       0x20 ./Project_Settings/Startup_Code/__arm_end.o
 .debug_aranges
                0x000006b8       0xb0 ./Sources/main.o
 .debug_aranges
                0x00000768       0x40 ./Sources/Events.o
 .debug_aranges
                0x000007a8       0x40 C:/Freescale/CW_MCU_v10.6/MCU/ARM_GCC_Support/ewl/lib/armv6-m\libc.a(alloc.o)
 .debug_aranges
                0x000007e8       0x20 C:/Freescale/CW_MCU_v10.6/MCU/ARM_GCC_Support/ewl/lib/armv6-m\libc.a(exit.o)
 .debug_aranges
                0x00000808       0x20 C:/Freescale/CW_MCU_v10.6/MCU/ARM_GCC_Support/ewl/lib/armv6-m\libc.a(memcpy.o)
 .debug_aranges
                0x00000828       0x20 C:/Freescale/CW_MCU_v10.6/MCU/ARM_GCC_Support/ewl/lib/armv6-m\libc.a(memset.o)
 .debug_aranges
                0x00000848       0x20 C:/Freescale/CW_MCU_v10.6/MCU/ARM_GCC_Support/ewl/lib/armv6-m\libc.a(strchr.o)
 .debug_aranges
                0x00000868       0x20 C:/Freescale/CW_MCU_v10.6/MCU/ARM_GCC_Support/ewl/lib/armv6-m\libc.a(strlen.o)
 .debug_aranges
                0x00000888       0x28 C:/Freescale/CW_MCU_v10.6/MCU/ARM_GCC_Support/ewl/lib/armv6-m\libc.a(printformat_.o)
 .debug_aranges
                0x000008b0       0x20 C:/Freescale/CW_MCU_v10.6/MCU/ARM_GCC_Support/ewl/lib/armv6-m\libc.a(scanformat_.o)
 .debug_aranges
                0x000008d0       0x88 C:/Freescale/CW_MCU_v10.6/MCU/ARM_GCC_Support/ewl/lib/armv6-m\libc.a(ctype_aeabi.o)
 .debug_aranges
                0x00000958       0x20 C:/Freescale/CW_MCU_v10.6/MCU/ARM_GCC_Support/ewl/lib/armv6-m\libc.a(__strtoul.o)
 .debug_aranges
                0x00000978       0x20 C:/Freescale/CW_MCU_v10.6/MCU/ARM_GCC_Support/ewl/lib/armv6-m\libc.a(__filll_mem.o)
 .debug_aranges
                0x00000998       0x20 C:/Freescale/CW_MCU_v10.6/MCU/ARM_GCC_Support/ewl/lib/armv6-m\libc.a(memchr.o)
 .debug_aranges
                0x000009b8       0x28 C:/Freescale/CW_MCU_v10.6/MCU/ARM_GCC_Support/ewl/lib/armv6-m\librt.a(gcc_ctor_dtor.o)
 .debug_aranges
                0x000009e0       0x30 C:/Freescale/CW_MCU_v10.6/MCU/ARM_GCC_Support/ewl/lib/armv6-m\librt.a(ROMCopy.o)
 .debug_aranges
                0x00000a10       0x58 C:/Freescale/CW_MCU_v10.6/MCU/ARM_GCC_Support/ewl/lib/armv6-m\librt.a(__arm_eabi_init.o)

.debug_macinfo  0x00000000   0x5aba56
 .debug_macinfo
                0x00000000    0x3d05d ./Generated_Code/timer.o
 .debug_macinfo
                0x0003d05d    0x3d0a1 ./Generated_Code/Vectors.o
 .debug_macinfo
                0x0007a0fe    0x2ffc5 ./Generated_Code/TimerIntLdd1.o
 .debug_macinfo
                0x000aa0c3    0x2ff37 ./Generated_Code/TU1.o
 .debug_macinfo
                0x000d9ffa    0x3cfd9 ./Generated_Code/PE_LDD.o
 .debug_macinfo
                0x00116fd3    0x2e4dc ./Generated_Code/GI2C1.o
 .debug_macinfo
                0x001454af    0x3264d ./Generated_Code/ExtIntLdd1.o
 .debug_macinfo
                0x00177afc    0x3d05d ./Generated_Code/EInt1.o
 .debug_macinfo
                0x001b4b59    0x2fcb2 ./Generated_Code/DacLdd1.o
 .debug_macinfo
                0x001e480b    0x3d0a1 ./Generated_Code/Cpu.o
 .debug_macinfo
                0x002218ac    0x3d0b0 ./Generated_Code/Conversor.o
 .debug_macinfo
                0x0025e95c    0x2ead9 ./Generated_Code/CLS1.o
 .debug_macinfo
                0x0028d435    0x353a6 ./Generated_Code/CI2C1.o
 .debug_macinfo
                0x002c27db    0x2eec1 ./Generated_Code/BitsIoLdd1.o
 .debug_macinfo
                0x002f169c    0x2ee6e ./Generated_Code/BitIoLdd9.o
 .debug_macinfo
                0x0032050a    0x2ee6e ./Generated_Code/BitIoLdd8.o
 .debug_macinfo
                0x0034f378    0x2ee4d ./Generated_Code/BitIoLdd7.o
 .debug_macinfo
                0x0037e1c5    0x2ee4d ./Generated_Code/BitIoLdd6.o
 .debug_macinfo
                0x003ad012    0x2ee4d ./Generated_Code/BitIoLdd5.o
 .debug_macinfo
                0x003dbe5f    0x2ee51 ./Generated_Code/BitIoLdd4.o
 .debug_macinfo
                0x0040acb0    0x2ee74 ./Generated_Code/BitIoLdd3.o
 .debug_macinfo
                0x00439b24    0x2ee70 ./Generated_Code/BitIoLdd2.o
 .debug_macinfo
                0x00468994    0x2ee78 ./Generated_Code/BitIoLdd11.o
 .debug_macinfo
                0x0049780c    0x2ee78 ./Generated_Code/BitIoLdd10.o
 .debug_macinfo
                0x004c6684    0x2ee70 ./Generated_Code/BitIoLdd1.o
 .debug_macinfo
                0x004f54f4    0x3356b ./Generated_Code/AdcLdd1.o
 .debug_macinfo
                0x00528a5f     0x3e6d ./Project_Settings/Startup_Code/__arm_start.o
 .debug_macinfo
                0x0052c8cc     0x3456 ./Project_Settings/Startup_Code/__arm_end.o
 .debug_macinfo
                0x0052fd22    0x3ecd7 ./Sources/main.o
 .debug_macinfo
                0x0056e9f9    0x3d05d ./Sources/Events.o

.debug_line     0x00000000     0x857e
 .debug_line    0x00000000      0x593 ./Generated_Code/timer.o
 .debug_line    0x00000593      0x798 ./Generated_Code/Vectors.o
 .debug_line    0x00000d2b      0x2e3 ./Generated_Code/TimerIntLdd1.o
 .debug_line    0x0000100e      0x2ff ./Generated_Code/TU1.o
 .debug_line    0x0000130d      0x53d ./Generated_Code/PE_LDD.o
 .debug_line    0x0000184a      0x3bf ./Generated_Code/GI2C1.o
 .debug_line    0x00001c09      0x2f3 ./Generated_Code/ExtIntLdd1.o
 .debug_line    0x00001efc      0x593 ./Generated_Code/EInt1.o
 .debug_line    0x0000248f      0x29d ./Generated_Code/DacLdd1.o
 .debug_line    0x0000272c      0x811 ./Generated_Code/Cpu.o
 .debug_line    0x00002f3d      0x61d ./Generated_Code/Conversor.o
 .debug_line    0x0000355a      0x58a ./Generated_Code/CLS1.o
 .debug_line    0x00003ae4      0x3ec ./Generated_Code/CI2C1.o
 .debug_line    0x00003ed0      0x2a3 ./Generated_Code/BitsIoLdd1.o
 .debug_line    0x00004173      0x2ab ./Generated_Code/BitIoLdd9.o
 .debug_line    0x0000441e      0x2ab ./Generated_Code/BitIoLdd8.o
 .debug_line    0x000046c9      0x299 ./Generated_Code/BitIoLdd7.o
 .debug_line    0x00004962      0x299 ./Generated_Code/BitIoLdd6.o
 .debug_line    0x00004bfb      0x299 ./Generated_Code/BitIoLdd5.o
 .debug_line    0x00004e94      0x299 ./Generated_Code/BitIoLdd4.o
 .debug_line    0x0000512d      0x2ab ./Generated_Code/BitIoLdd3.o
 .debug_line    0x000053d8      0x2aa ./Generated_Code/BitIoLdd2.o
 .debug_line    0x00005682      0x2ad ./Generated_Code/BitIoLdd11.o
 .debug_line    0x0000592f      0x2ad ./Generated_Code/BitIoLdd10.o
 .debug_line    0x00005bdc      0x2aa ./Generated_Code/BitIoLdd1.o
 .debug_line    0x00005e86      0x36c ./Generated_Code/AdcLdd1.o
 .debug_line    0x000061f2      0x2a2 ./Project_Settings/Startup_Code/__arm_start.o
 .debug_line    0x00006494      0x266 ./Project_Settings/Startup_Code/__arm_end.o
 .debug_line    0x000066fa      0x8ad ./Sources/main.o
 .debug_line    0x00006fa7      0x5a5 ./Sources/Events.o
 .debug_line    0x0000754c      0x156 C:/Freescale/CW_MCU_v10.6/MCU/ARM_GCC_Support/ewl/lib/armv6-m\libc.a(alloc.o)
 .debug_line    0x000076a2       0x8d C:/Freescale/CW_MCU_v10.6/MCU/ARM_GCC_Support/ewl/lib/armv6-m\libc.a(exit.o)
 .debug_line    0x0000772f       0x8b C:/Freescale/CW_MCU_v10.6/MCU/ARM_GCC_Support/ewl/lib/armv6-m\libc.a(memcpy.o)
 .debug_line    0x000077ba       0x90 C:/Freescale/CW_MCU_v10.6/MCU/ARM_GCC_Support/ewl/lib/armv6-m\libc.a(memset.o)
 .debug_line    0x0000784a       0x7d C:/Freescale/CW_MCU_v10.6/MCU/ARM_GCC_Support/ewl/lib/armv6-m\libc.a(strchr.o)
 .debug_line    0x000078c7       0x85 C:/Freescale/CW_MCU_v10.6/MCU/ARM_GCC_Support/ewl/lib/armv6-m\libc.a(strlen.o)
 .debug_line    0x0000794c      0x2c3 C:/Freescale/CW_MCU_v10.6/MCU/ARM_GCC_Support/ewl/lib/armv6-m\libc.a(printformat_.o)
 .debug_line    0x00007c0f      0x2be C:/Freescale/CW_MCU_v10.6/MCU/ARM_GCC_Support/ewl/lib/armv6-m\libc.a(scanformat_.o)
 .debug_line    0x00007ecd      0x1be C:/Freescale/CW_MCU_v10.6/MCU/ARM_GCC_Support/ewl/lib/armv6-m\libc.a(ctype_aeabi.o)
 .debug_line    0x0000808b      0x11e C:/Freescale/CW_MCU_v10.6/MCU/ARM_GCC_Support/ewl/lib/armv6-m\libc.a(__strtoul.o)
 .debug_line    0x000081a9       0xf6 C:/Freescale/CW_MCU_v10.6/MCU/ARM_GCC_Support/ewl/lib/armv6-m\libc.a(__filll_mem.o)
 .debug_line    0x0000829f       0x9f C:/Freescale/CW_MCU_v10.6/MCU/ARM_GCC_Support/ewl/lib/armv6-m\libc.a(memchr.o)
 .debug_line    0x0000833e       0x6c C:/Freescale/CW_MCU_v10.6/MCU/ARM_GCC_Support/ewl/lib/armv6-m\librt.a(gcc_ctor_dtor.o)
 .debug_line    0x000083aa       0xbd C:/Freescale/CW_MCU_v10.6/MCU/ARM_GCC_Support/ewl/lib/armv6-m\librt.a(ROMCopy.o)
 .debug_line    0x00008467      0x117 C:/Freescale/CW_MCU_v10.6/MCU/ARM_GCC_Support/ewl/lib/armv6-m\librt.a(__arm_eabi_init.o)

.debug_str      0x00000000     0x285b
 .debug_str     0x00000000      0x167 ./Generated_Code/timer.o
                                0x1a6 (size before relaxing)
 .debug_str     0x00000167       0x5e ./Generated_Code/Vectors.o
                                0x1b7 (size before relaxing)
 .debug_str     0x000001c5      0x114 ./Generated_Code/TimerIntLdd1.o
                                0x251 (size before relaxing)
 .debug_str     0x000002d9      0x212 ./Generated_Code/TU1.o
                                0x3c2 (size before relaxing)
 .debug_str     0x000004eb      0x172 ./Generated_Code/PE_LDD.o
                                0x2e3 (size before relaxing)
 .debug_str     0x0000065d      0x2eb ./Generated_Code/GI2C1.o
                                0x44e (size before relaxing)
 .debug_str     0x00000948      0x117 ./Generated_Code/ExtIntLdd1.o
                                0x33f (size before relaxing)
 .debug_str     0x00000a5f       0x31 ./Generated_Code/EInt1.o
                                0x1a4 (size before relaxing)
 .debug_str     0x00000a90       0xba ./Generated_Code/DacLdd1.o
                                0x359 (size before relaxing)
 .debug_str     0x00000b4a      0x18c ./Generated_Code/Cpu.o
                                0x49f (size before relaxing)
 .debug_str     0x00000cd6       0xfe ./Generated_Code/Conversor.o
                                0x2ab (size before relaxing)
 .debug_str     0x00000dd4      0x3c7 ./Generated_Code/CLS1.o
                                0x532 (size before relaxing)
 .debug_str     0x0000119b      0x1e4 ./Generated_Code/CI2C1.o
                                0x59e (size before relaxing)
 .debug_str     0x0000137f       0x96 ./Generated_Code/BitsIoLdd1.o
                                0x2aa (size before relaxing)
 .debug_str     0x00001415       0x7e ./Generated_Code/BitIoLdd9.o
                                0x2af (size before relaxing)
 .debug_str     0x00001493       0x7e ./Generated_Code/BitIoLdd8.o
                                0x2af (size before relaxing)
 .debug_str     0x00001511       0x76 ./Generated_Code/BitIoLdd7.o
                                0x2ac (size before relaxing)
 .debug_str     0x00001587       0x6d ./Generated_Code/BitIoLdd6.o
                                0x2ac (size before relaxing)
 .debug_str     0x000015f4       0x6d ./Generated_Code/BitIoLdd5.o
                                0x2ac (size before relaxing)
 .debug_str     0x00001661       0x6d ./Generated_Code/BitIoLdd4.o
                                0x2ac (size before relaxing)
 .debug_str     0x000016ce       0x7e ./Generated_Code/BitIoLdd3.o
                                0x2af (size before relaxing)
 .debug_str     0x0000174c       0x7e ./Generated_Code/BitIoLdd2.o
                                0x2af (size before relaxing)
 .debug_str     0x000017ca       0x84 ./Generated_Code/BitIoLdd11.o
                                0x2b5 (size before relaxing)
 .debug_str     0x0000184e       0x84 ./Generated_Code/BitIoLdd10.o
                                0x2b5 (size before relaxing)
 .debug_str     0x000018d2       0x7e ./Generated_Code/BitIoLdd1.o
                                0x2af (size before relaxing)
 .debug_str     0x00001950      0x220 ./Generated_Code/AdcLdd1.o
                                0x599 (size before relaxing)
 .debug_str     0x00001b70       0x85 ./Project_Settings/Startup_Code/__arm_start.o
                                0x1a1 (size before relaxing)
 .debug_str     0x00001bf5       0x41 ./Project_Settings/Startup_Code/__arm_end.o
                                 0xd8 (size before relaxing)
 .debug_str     0x00001c36      0x295 ./Sources/main.o
                                0x474 (size before relaxing)
 .debug_str     0x00001ecb       0x7f ./Sources/Events.o
                                0x1f5 (size before relaxing)
 .debug_str     0x00001f4a       0xe2 C:/Freescale/CW_MCU_v10.6/MCU/ARM_GCC_Support/ewl/lib/armv6-m\libc.a(alloc.o)
                                0x200 (size before relaxing)
 .debug_str     0x0000202c       0x2e C:/Freescale/CW_MCU_v10.6/MCU/ARM_GCC_Support/ewl/lib/armv6-m\libc.a(exit.o)
                                0x157 (size before relaxing)
 .debug_str     0x0000205a       0x1c C:/Freescale/CW_MCU_v10.6/MCU/ARM_GCC_Support/ewl/lib/armv6-m\libc.a(memcpy.o)
                                0x138 (size before relaxing)
 .debug_str     0x00002076       0x1c C:/Freescale/CW_MCU_v10.6/MCU/ARM_GCC_Support/ewl/lib/armv6-m\libc.a(memset.o)
                                0x140 (size before relaxing)
 .debug_str     0x00002092       0x1c C:/Freescale/CW_MCU_v10.6/MCU/ARM_GCC_Support/ewl/lib/armv6-m\libc.a(strchr.o)
                                0x137 (size before relaxing)
 .debug_str     0x000020ae       0x24 C:/Freescale/CW_MCU_v10.6/MCU/ARM_GCC_Support/ewl/lib/armv6-m\libc.a(strlen.o)
                                0x140 (size before relaxing)
 .debug_str     0x000020d2      0x227 C:/Freescale/CW_MCU_v10.6/MCU/ARM_GCC_Support/ewl/lib/armv6-m\libc.a(printformat_.o)
                                0x3b3 (size before relaxing)
 .debug_str     0x000022f9      0x17f C:/Freescale/CW_MCU_v10.6/MCU/ARM_GCC_Support/ewl/lib/armv6-m\libc.a(scanformat_.o)
                                0x3f9 (size before relaxing)
 .debug_str     0x00002478       0x9d C:/Freescale/CW_MCU_v10.6/MCU/ARM_GCC_Support/ewl/lib/armv6-m\libc.a(ctype_aeabi.o)
                                0x1bc (size before relaxing)
 .debug_str     0x00002515       0x55 C:/Freescale/CW_MCU_v10.6/MCU/ARM_GCC_Support/ewl/lib/armv6-m\libc.a(__strtoul.o)
                                0x1fb (size before relaxing)
 .debug_str     0x0000256a       0x25 C:/Freescale/CW_MCU_v10.6/MCU/ARM_GCC_Support/ewl/lib/armv6-m\libc.a(__filll_mem.o)
                                0x152 (size before relaxing)
 .debug_str     0x0000258f       0x1c C:/Freescale/CW_MCU_v10.6/MCU/ARM_GCC_Support/ewl/lib/armv6-m\libc.a(memchr.o)
                                0x148 (size before relaxing)
 .debug_str     0x000025ab      0x126 C:/Freescale/CW_MCU_v10.6/MCU/ARM_GCC_Support/ewl/lib/armv6-m\librt.a(gcc_ctor_dtor.o)
                                0x181 (size before relaxing)
 .debug_str     0x000026d1       0x9c C:/Freescale/CW_MCU_v10.6/MCU/ARM_GCC_Support/ewl/lib/armv6-m\librt.a(ROMCopy.o)
                                0x13c (size before relaxing)
 .debug_str     0x0000276d       0xee C:/Freescale/CW_MCU_v10.6/MCU/ARM_GCC_Support/ewl/lib/armv6-m\librt.a(__arm_eabi_init.o)
                                0x1b5 (size before relaxing)

.comment        0x00000000       0x79
 .comment       0x00000000       0x79 ./Generated_Code/timer.o
                                 0x7a (size before relaxing)
 .comment       0x00000000       0x7a ./Generated_Code/Vectors.o
 .comment       0x00000000       0x7a ./Generated_Code/TimerIntLdd1.o
 .comment       0x00000000       0x7a ./Generated_Code/TU1.o
 .comment       0x00000000       0x7a ./Generated_Code/PE_LDD.o
 .comment       0x00000000       0x7a ./Generated_Code/GI2C1.o
 .comment       0x00000000       0x7a ./Generated_Code/ExtIntLdd1.o
 .comment       0x00000000       0x7a ./Generated_Code/EInt1.o
 .comment       0x00000000       0x7a ./Generated_Code/DacLdd1.o
 .comment       0x00000000       0x7a ./Generated_Code/Cpu.o
 .comment       0x00000000       0x7a ./Generated_Code/Conversor.o
 .comment       0x00000000       0x7a ./Generated_Code/CLS1.o
 .comment       0x00000000       0x7a ./Generated_Code/CI2C1.o
 .comment       0x00000000       0x7a ./Generated_Code/BitsIoLdd1.o
 .comment       0x00000000       0x7a ./Generated_Code/BitIoLdd9.o
 .comment       0x00000000       0x7a ./Generated_Code/BitIoLdd8.o
 .comment       0x00000000       0x7a ./Generated_Code/BitIoLdd7.o
 .comment       0x00000000       0x7a ./Generated_Code/BitIoLdd6.o
 .comment       0x00000000       0x7a ./Generated_Code/BitIoLdd5.o
 .comment       0x00000000       0x7a ./Generated_Code/BitIoLdd4.o
 .comment       0x00000000       0x7a ./Generated_Code/BitIoLdd3.o
 .comment       0x00000000       0x7a ./Generated_Code/BitIoLdd2.o
 .comment       0x00000000       0x7a ./Generated_Code/BitIoLdd11.o
 .comment       0x00000000       0x7a ./Generated_Code/BitIoLdd10.o
 .comment       0x00000000       0x7a ./Generated_Code/BitIoLdd1.o
 .comment       0x00000000       0x7a ./Generated_Code/AdcLdd1.o
 .comment       0x00000000       0x7a ./Project_Settings/Startup_Code/__arm_start.o
 .comment       0x00000000       0x7a ./Project_Settings/Startup_Code/__arm_end.o
 .comment       0x00000000       0x7a ./Sources/main.o
 .comment       0x00000000       0x7a ./Sources/Events.o
 .comment       0x00000000       0x7a C:/Freescale/CW_MCU_v10.6/MCU/ARM_GCC_Support/ewl/lib/armv6-m\libc.a(alloc.o)
 .comment       0x00000000       0x7a C:/Freescale/CW_MCU_v10.6/MCU/ARM_GCC_Support/ewl/lib/armv6-m\libc.a(exit.o)
 .comment       0x00000000       0x7a C:/Freescale/CW_MCU_v10.6/MCU/ARM_GCC_Support/ewl/lib/armv6-m\libc.a(memcpy.o)
 .comment       0x00000000       0x7a C:/Freescale/CW_MCU_v10.6/MCU/ARM_GCC_Support/ewl/lib/armv6-m\libc.a(memset.o)
 .comment       0x00000000       0x7a C:/Freescale/CW_MCU_v10.6/MCU/ARM_GCC_Support/ewl/lib/armv6-m\libc.a(strchr.o)
 .comment       0x00000000       0x7a C:/Freescale/CW_MCU_v10.6/MCU/ARM_GCC_Support/ewl/lib/armv6-m\libc.a(strlen.o)
 .comment       0x00000000       0x7a C:/Freescale/CW_MCU_v10.6/MCU/ARM_GCC_Support/ewl/lib/armv6-m\libc.a(printformat_.o)
 .comment       0x00000000       0x7a C:/Freescale/CW_MCU_v10.6/MCU/ARM_GCC_Support/ewl/lib/armv6-m\libc.a(scanformat_.o)
 .comment       0x00000000       0x7a C:/Freescale/CW_MCU_v10.6/MCU/ARM_GCC_Support/ewl/lib/armv6-m\libc.a(ctype_aeabi.o)
 .comment       0x00000000       0x7a C:/Freescale/CW_MCU_v10.6/MCU/ARM_GCC_Support/ewl/lib/armv6-m\libc.a(__strtoul.o)
 .comment       0x00000000       0x7a C:/Freescale/CW_MCU_v10.6/MCU/ARM_GCC_Support/ewl/lib/armv6-m\libc.a(__filll_mem.o)
 .comment       0x00000000       0x7a C:/Freescale/CW_MCU_v10.6/MCU/ARM_GCC_Support/ewl/lib/armv6-m\libc.a(memchr.o)
 .comment       0x00000000       0x7a C:/Freescale/CW_MCU_v10.6/MCU/ARM_GCC_Support/ewl/lib/armv6-m\librt.a(gcc_ctor_dtor.o)
 .comment       0x00000000       0x7a C:/Freescale/CW_MCU_v10.6/MCU/ARM_GCC_Support/ewl/lib/armv6-m\librt.a(ROMCopy.o)
 .comment       0x00000000       0x7a C:/Freescale/CW_MCU_v10.6/MCU/ARM_GCC_Support/ewl/lib/armv6-m\librt.a(__arm_eabi_init.o)

.debug_frame    0x00000000     0x1ab4
 .debug_frame   0x00000000       0x30 ./Generated_Code/timer.o
 .debug_frame   0x00000030       0x90 ./Generated_Code/TimerIntLdd1.o
 .debug_frame   0x000000c0       0xd0 ./Generated_Code/TU1.o
 .debug_frame   0x00000190       0x6c ./Generated_Code/PE_LDD.o
 .debug_frame   0x000001fc      0x218 ./Generated_Code/GI2C1.o
 .debug_frame   0x00000414       0xb0 ./Generated_Code/ExtIntLdd1.o
 .debug_frame   0x000004c4       0x30 ./Generated_Code/EInt1.o
 .debug_frame   0x000004f4       0x50 ./Generated_Code/DacLdd1.o
 .debug_frame   0x00000544       0x80 ./Generated_Code/Cpu.o
 .debug_frame   0x000005c4       0xc8 ./Generated_Code/Conversor.o
 .debug_frame   0x0000068c      0x3b4 ./Generated_Code/CLS1.o
 .debug_frame   0x00000a40      0x110 ./Generated_Code/CI2C1.o
 .debug_frame   0x00000b50       0x50 ./Generated_Code/BitsIoLdd1.o
 .debug_frame   0x00000ba0       0x70 ./Generated_Code/BitIoLdd9.o
 .debug_frame   0x00000c10       0x70 ./Generated_Code/BitIoLdd8.o
 .debug_frame   0x00000c80       0x50 ./Generated_Code/BitIoLdd7.o
 .debug_frame   0x00000cd0       0x50 ./Generated_Code/BitIoLdd6.o
 .debug_frame   0x00000d20       0x50 ./Generated_Code/BitIoLdd5.o
 .debug_frame   0x00000d70       0x50 ./Generated_Code/BitIoLdd4.o
 .debug_frame   0x00000dc0       0x70 ./Generated_Code/BitIoLdd3.o
 .debug_frame   0x00000e30       0x70 ./Generated_Code/BitIoLdd2.o
 .debug_frame   0x00000ea0       0x70 ./Generated_Code/BitIoLdd11.o
 .debug_frame   0x00000f10       0x70 ./Generated_Code/BitIoLdd10.o
 .debug_frame   0x00000f80       0x70 ./Generated_Code/BitIoLdd1.o
 .debug_frame   0x00000ff0      0x130 ./Generated_Code/AdcLdd1.o
 .debug_frame   0x00001120       0x4c ./Project_Settings/Startup_Code/__arm_start.o
 .debug_frame   0x0000116c       0x30 ./Project_Settings/Startup_Code/__arm_end.o
 .debug_frame   0x0000119c      0x26c ./Sources/main.o
 .debug_frame   0x00001408       0xa0 ./Sources/Events.o
 .debug_frame   0x000014a8       0x9c C:/Freescale/CW_MCU_v10.6/MCU/ARM_GCC_Support/ewl/lib/armv6-m\libc.a(alloc.o)
 .debug_frame   0x00001544       0x2c C:/Freescale/CW_MCU_v10.6/MCU/ARM_GCC_Support/ewl/lib/armv6-m\libc.a(exit.o)
 .debug_frame   0x00001570       0x28 C:/Freescale/CW_MCU_v10.6/MCU/ARM_GCC_Support/ewl/lib/armv6-m\libc.a(memcpy.o)
 .debug_frame   0x00001598       0x28 C:/Freescale/CW_MCU_v10.6/MCU/ARM_GCC_Support/ewl/lib/armv6-m\libc.a(memset.o)
 .debug_frame   0x000015c0       0x28 C:/Freescale/CW_MCU_v10.6/MCU/ARM_GCC_Support/ewl/lib/armv6-m\libc.a(strchr.o)
 .debug_frame   0x000015e8       0x28 C:/Freescale/CW_MCU_v10.6/MCU/ARM_GCC_Support/ewl/lib/armv6-m\libc.a(strlen.o)
 .debug_frame   0x00001610       0x54 C:/Freescale/CW_MCU_v10.6/MCU/ARM_GCC_Support/ewl/lib/armv6-m\libc.a(printformat_.o)
 .debug_frame   0x00001664       0x34 C:/Freescale/CW_MCU_v10.6/MCU/ARM_GCC_Support/ewl/lib/armv6-m\libc.a(scanformat_.o)
 .debug_frame   0x00001698      0x158 C:/Freescale/CW_MCU_v10.6/MCU/ARM_GCC_Support/ewl/lib/armv6-m\libc.a(ctype_aeabi.o)
 .debug_frame   0x000017f0       0x30 C:/Freescale/CW_MCU_v10.6/MCU/ARM_GCC_Support/ewl/lib/armv6-m\libc.a(__strtoul.o)
 .debug_frame   0x00001820       0x2c C:/Freescale/CW_MCU_v10.6/MCU/ARM_GCC_Support/ewl/lib/armv6-m\libc.a(__filll_mem.o)
 .debug_frame   0x0000184c       0x28 C:/Freescale/CW_MCU_v10.6/MCU/ARM_GCC_Support/ewl/lib/armv6-m\libc.a(memchr.o)
 .debug_frame   0x00001874       0x20 c:/freescale/cw_mcu_v10.6/cross_tools/arm-none-eabi-gcc-4_7_3/bin/../lib/gcc/arm-none-eabi/4.7.3/armv6-m\libgcc.a(_udivsi3.o)
 .debug_frame   0x00001894       0x34 c:/freescale/cw_mcu_v10.6/cross_tools/arm-none-eabi-gcc-4_7_3/bin/../lib/gcc/arm-none-eabi/4.7.3/armv6-m\libgcc.a(eqdf2.o)
 .debug_frame   0x000018c8       0x38 c:/freescale/cw_mcu_v10.6/cross_tools/arm-none-eabi-gcc-4_7_3/bin/../lib/gcc/arm-none-eabi/4.7.3/armv6-m\libgcc.a(gedf2.o)
 .debug_frame   0x00001900       0x38 c:/freescale/cw_mcu_v10.6/cross_tools/arm-none-eabi-gcc-4_7_3/bin/../lib/gcc/arm-none-eabi/4.7.3/armv6-m\libgcc.a(ledf2.o)
 .debug_frame   0x00001938       0x2c c:/freescale/cw_mcu_v10.6/cross_tools/arm-none-eabi-gcc-4_7_3/bin/../lib/gcc/arm-none-eabi/4.7.3/armv6-m\libgcc.a(floatunsidf.o)
 .debug_frame   0x00001964       0x40 C:/Freescale/CW_MCU_v10.6/MCU/ARM_GCC_Support/ewl/lib/armv6-m\librt.a(gcc_ctor_dtor.o)
 .debug_frame   0x000019a4       0x54 C:/Freescale/CW_MCU_v10.6/MCU/ARM_GCC_Support/ewl/lib/armv6-m\librt.a(ROMCopy.o)
 .debug_frame   0x000019f8       0xbc C:/Freescale/CW_MCU_v10.6/MCU/ARM_GCC_Support/ewl/lib/armv6-m\librt.a(__arm_eabi_init.o)
